[0.228s] Invoking command in '/home/tukorea/ros2_ws/build/lio_sam': CMAKE_PREFIX_PATH=/opt/ros/humble /usr/bin/cmake /home/tukorea/ros2_ws/src/SLAM/LIO-SAM/lio_sam_ros2 -DCMAKE_INSTALL_PREFIX=/home/tukorea/ros2_ws/install/lio_sam
[0.362s] -- The C compiler identification is GNU 11.4.0
[0.699s] -- The CXX compiler identification is GNU 11.4.0
[0.965s] -- Detecting C compiler ABI info
[1.090s] -- Detecting C compiler ABI info - done
[1.095s] -- Check for working C compiler: /usr/bin/cc - skipped
[1.095s] -- Detecting C compile features
[1.096s] -- Detecting C compile features - done
[1.099s] -- Detecting CXX compiler ABI info
[1.227s] -- Detecting CXX compiler ABI info - done
[1.233s] -- Check for working CXX compiler: /usr/bin/c++ - skipped
[1.233s] -- Detecting CXX compile features
[1.233s] -- Detecting CXX compile features - done
[1.249s] -- Found ament_cmake: 1.3.12 (/opt/ros/humble/share/ament_cmake/cmake)
[1.385s] -- Found Python3: /usr/bin/python3 (found version "3.10.12") found components: Interpreter 
[1.475s] -- Found rosidl_default_generators: 1.2.0 (/opt/ros/humble/share/rosidl_default_generators/cmake)
[1.480s] -- Using all available rosidl_typesupport_c: rosidl_typesupport_fastrtps_c;rosidl_typesupport_introspection_c
[1.489s] -- Found rosidl_adapter: 3.1.8 (/opt/ros/humble/share/rosidl_adapter/cmake)
[1.625s] -- Using all available rosidl_typesupport_cpp: rosidl_typesupport_fastrtps_cpp;rosidl_typesupport_introspection_cpp
[1.658s] -- Found rclcpp: 16.0.17 (/opt/ros/humble/share/rclcpp/cmake)
[1.702s] -- Found rmw_implementation_cmake: 6.1.2 (/opt/ros/humble/share/rmw_implementation_cmake/cmake)
[1.707s] -- Found rmw_fastrtps_cpp: 6.2.9 (/opt/ros/humble/share/rmw_fastrtps_cpp/cmake)
[2.234s] -- Found OpenSSL: /usr/lib/x86_64-linux-gnu/libcrypto.so (found version "3.0.2")  
[2.755s] -- Found FastRTPS: /opt/ros/humble/include  
[3.698s] -- Using RMW implementation 'rmw_fastrtps_cpp' as default
[3.708s] -- Looking for pthread.h
[3.807s] -- Looking for pthread.h - found
[3.807s] -- Performing Test CMAKE_HAVE_LIBC_PTHREAD
[3.906s] -- Performing Test CMAKE_HAVE_LIBC_PTHREAD - Success
[3.907s] -- Found Threads: TRUE  
[3.967s] -- Found rclpy: 3.3.19 (/opt/ros/humble/share/rclpy/cmake)
[3.969s] -- Found cv_bridge: 3.2.1 (/opt/ros/humble/share/cv_bridge/cmake)
[4.021s] -- Found nav_msgs: 4.9.0 (/opt/ros/humble/share/nav_msgs/cmake)
[4.042s] -- Found visualization_msgs: 4.9.0 (/opt/ros/humble/share/visualization_msgs/cmake)
[4.063s] -- Found pcl_conversions: 2.4.5 (/opt/ros/humble/share/pcl_conversions/cmake)
[4.103s] -- Checking for module 'eigen3'
[4.114s] --   Found eigen3, version 3.4.0
[4.143s] -- Found Eigen: /usr/include/eigen3 (Required is at least version "3.1") 
[4.143s] -- Eigen found (include: /usr/include/eigen3, version: 3.4.0)
[5.253s] -- Checking for module 'flann'
[5.262s] --   Found flann, version 1.9.1
[5.526s] -- Found FLANN: /usr/lib/x86_64-linux-gnu/libflann_cpp.so  
[5.526s] -- FLANN found (include: /usr/include, lib: /usr/lib/x86_64-linux-gnu/libflann_cpp.so)
[11.415s] -- Checking for module 'libusb-1.0'
[11.431s] --   Found libusb-1.0, version 1.0.25
[11.522s] -- Found libusb: /usr/lib/x86_64-linux-gnu/libusb-1.0.so  
[11.524s] -- OpenNI found (version: 1.5.4.0, include: /usr/include/ni, lib: /usr/lib/libOpenNI.so;libusb::libusb)
[11.730s] -- OpenNI2 found (version: 2.2.0.33, include: /usr/include/openni2, lib: /usr/lib/x86_64-linux-gnu/libOpenNI2.so;libusb::libusb)
[13.655s] -- Eigen found (include: /usr/include/eigen3, version: 3.4.0)
[13.663s] -- OpenNI found (version: 1.5.4.0, include: /usr/include/ni, lib: /usr/lib/libOpenNI.so;libusb::libusb)
[13.670s] -- OpenNI2 found (version: 2.2.0.33, include: /usr/include/openni2, lib: /usr/lib/x86_64-linux-gnu/libOpenNI2.so;libusb::libusb)
[15.315s] -- Found Qhull version 8.0.2
[16.647s] -- OpenNI found (version: 1.5.4.0, include: /usr/include/ni, lib: /usr/lib/libOpenNI.so;libusb::libusb)
[17.905s] -- Found PCL_COMMON: /usr/lib/x86_64-linux-gnu/libpcl_common.so  
[17.906s] -- Found PCL_KDTREE: /usr/lib/x86_64-linux-gnu/libpcl_kdtree.so  
[17.907s] -- Found PCL_OCTREE: /usr/lib/x86_64-linux-gnu/libpcl_octree.so  
[17.907s] -- Found PCL_SEARCH: /usr/lib/x86_64-linux-gnu/libpcl_search.so  
[17.908s] -- Found PCL_SAMPLE_CONSENSUS: /usr/lib/x86_64-linux-gnu/libpcl_sample_consensus.so  
[17.908s] -- Found PCL_FILTERS: /usr/lib/x86_64-linux-gnu/libpcl_filters.so  
[17.909s] -- Found PCL_2D: /usr/include/pcl-1.12  
[17.909s] -- Found PCL_GEOMETRY: /usr/include/pcl-1.12  
[17.910s] -- Found PCL_IO: /usr/lib/x86_64-linux-gnu/libpcl_io.so  
[17.910s] -- Found PCL_FEATURES: /usr/lib/x86_64-linux-gnu/libpcl_features.so  
[17.911s] -- Found PCL_ML: /usr/lib/x86_64-linux-gnu/libpcl_ml.so  
[17.911s] -- Found PCL_SEGMENTATION: /usr/lib/x86_64-linux-gnu/libpcl_segmentation.so  
[17.912s] -- Found PCL_VISUALIZATION: /usr/lib/x86_64-linux-gnu/libpcl_visualization.so  
[17.913s] -- Found PCL_SURFACE: /usr/lib/x86_64-linux-gnu/libpcl_surface.so  
[17.913s] -- Found PCL_REGISTRATION: /usr/lib/x86_64-linux-gnu/libpcl_registration.so  
[17.914s] -- Found PCL_KEYPOINTS: /usr/lib/x86_64-linux-gnu/libpcl_keypoints.so  
[17.914s] -- Found PCL_TRACKING: /usr/lib/x86_64-linux-gnu/libpcl_tracking.so  
[17.915s] -- Found PCL_RECOGNITION: /usr/lib/x86_64-linux-gnu/libpcl_recognition.so  
[17.915s] -- Found PCL_STEREO: /usr/lib/x86_64-linux-gnu/libpcl_stereo.so  
[17.916s] -- Found PCL_APPS: /usr/lib/x86_64-linux-gnu/libpcl_apps.so  
[17.917s] -- Found PCL_IN_HAND_SCANNER: /usr/include/pcl-1.12  
[17.917s] -- Found PCL_MODELER: /usr/include/pcl-1.12  
[17.918s] -- Found PCL_POINT_CLOUD_EDITOR: /usr/include/pcl-1.12  
[17.918s] -- Found PCL_OUTOFCORE: /usr/lib/x86_64-linux-gnu/libpcl_outofcore.so  
[17.919s] -- Found PCL_PEOPLE: /usr/lib/x86_64-linux-gnu/libpcl_people.so  
[17.925s] -- Found tf2: 0.25.18 (/opt/ros/humble/share/tf2/cmake)
[17.936s] -- Found tf2_geometry_msgs: 0.25.18 (/opt/ros/humble/share/tf2_geometry_msgs/cmake)
[17.979s] -- Found eigen3_cmake_module: 0.1.1 (/opt/ros/humble/share/eigen3_cmake_module/cmake)
[17.981s] -- Found Eigen3: TRUE (found version "3.4.0") 
[17.981s] -- Ensuring Eigen3 include directory is part of orocos-kdl CMake target
[18.077s] -- Found tf2_sensor_msgs: 0.25.18 (/opt/ros/humble/share/tf2_sensor_msgs/cmake)
[18.083s] -- Found tf2_eigen: 0.25.18 (/opt/ros/humble/share/tf2_eigen/cmake)
[18.088s] -- Found OpenCV: /usr (found version "4.5.4") 
[18.088s] CMake Warning (dev) at CMakeLists.txt:29 (find_package):
[18.088s]   Policy CMP0074 is not set: find_package uses <PackageName>_ROOT variables.
[18.088s]   Run "cmake --help-policy CMP0074" for policy details.  Use the cmake_policy
[18.088s]   command to set the policy and suppress this warning.
[18.088s] 
[18.088s]   CMake variable PCL_ROOT is set to:
[18.088s] 
[18.089s]     /usr
[18.089s] 
[18.089s]   For compatibility, CMake is ignoring the variable.
[18.089s] This warning is for project developers.  Use -Wno-dev to suppress it.
[18.089s] 
[18.115s] -- Found Boost: /usr/lib/x86_64-linux-gnu/cmake/Boost-1.74.0/BoostConfig.cmake (found suitable version "1.74.0", minimum required is "1.70") found components: serialization filesystem thread program_options date_time timer chrono regex 
[18.116s] -- GTSAM include directory:  /usr/local/lib/cmake/GTSAM/../../../include
[18.122s] -- Found Eigen: /usr/include/eigen3  
[18.122s] -- Eigen found (include: /usr/include/eigen3, version: 3.4.0)
[18.462s] -- Found OpenMP_C: -fopenmp (found version "4.5") 
[18.563s] -- Found OpenMP_CXX: -fopenmp (found version "4.5") 
[18.563s] -- Found OpenMP: TRUE (found version "4.5")  
[18.802s] -- Found ament_cmake_ros: 0.10.0 (/opt/ros/humble/share/ament_cmake_ros/cmake)
[19.053s] -- Using all available rosidl_typesupport_c: rosidl_typesupport_fastrtps_c;rosidl_typesupport_introspection_c
[19.310s] -- Using all available rosidl_typesupport_cpp: rosidl_typesupport_fastrtps_cpp;rosidl_typesupport_introspection_cpp
[19.412s] -- Found PythonInterp: /usr/bin/python3 (found suitable version "3.10.12", minimum required is "3.6") 
[19.413s] -- Found python_cmake_module: 0.10.0 (/opt/ros/humble/share/python_cmake_module/cmake)
[19.730s] -- Found PythonLibs: /usr/lib/x86_64-linux-gnu/libpython3.10.so (found suitable version "3.10.12", minimum required is "3.5") 
[19.730s] -- Using PYTHON_EXECUTABLE: /usr/bin/python3
[19.730s] -- Using PYTHON_INCLUDE_DIRS: /usr/include/python3.10
[19.730s] -- Using PYTHON_LIBRARIES: /usr/lib/x86_64-linux-gnu/libpython3.10.so
[19.746s] -- Found PythonExtra: .so  
[19.901s] -- Found ament_lint_auto: 0.12.14 (/opt/ros/humble/share/ament_lint_auto/cmake)
[19.927s] -- Added test 'copyright' to check source files copyright and LICENSE
[19.937s] -- Added test 'cppcheck' to perform static code analysis on C / C++ code
[19.938s] -- Configured cppcheck include dirs: /home/tukorea/ros2_ws/src/SLAM/LIO-SAM/lio_sam_ros2/include/lio_sam
[19.938s] -- Configured cppcheck exclude dirs and/or files: 
[19.942s] -- Added test 'cpplint' to check C / C++ code against the Google style
[19.942s] -- Configured cpplint exclude dirs and/or files: 
[19.943s] -- Added test 'flake8' to check Python code syntax and style conventions
[19.945s] -- Added test 'lint_cmake' to check CMake code style
[19.946s] -- Added test 'pep257' to check Python code against some of the docstring style conventions in PEP 257
[19.949s] -- Added test 'uncrustify' to check C / C++ code style
[19.949s] -- Configured uncrustify additional arguments: 
[19.951s] -- Added test 'xmllint' to check XML markup files
[19.952s] -- Configuring done
[20.107s] -- Generating done
[20.139s] -- Build files have been written to: /home/tukorea/ros2_ws/build/lio_sam
[20.160s] Invoked command in '/home/tukorea/ros2_ws/build/lio_sam' returned '0': CMAKE_PREFIX_PATH=/opt/ros/humble /usr/bin/cmake /home/tukorea/ros2_ws/src/SLAM/LIO-SAM/lio_sam_ros2 -DCMAKE_INSTALL_PREFIX=/home/tukorea/ros2_ws/install/lio_sam
[20.161s] Invoking command in '/home/tukorea/ros2_ws/build/lio_sam': CMAKE_PREFIX_PATH=/opt/ros/humble /usr/bin/cmake --build /home/tukorea/ros2_ws/build/lio_sam -- -j28 -l28
[20.194s] [  2%] Generating C code for ROS interfaces
[20.200s] [  4%] Generating C++ code for ROS interfaces
[20.205s] [  4%] Built target ament_cmake_python_copy_lio_sam
[20.366s] running egg_info
[20.367s] creating lio_sam.egg-info
[20.368s] writing lio_sam.egg-info/PKG-INFO
[20.368s] writing dependency_links to lio_sam.egg-info/dependency_links.txt
[20.368s] writing top-level names to lio_sam.egg-info/top_level.txt
[20.368s] writing manifest file 'lio_sam.egg-info/SOURCES.txt'
[20.369s] reading manifest file 'lio_sam.egg-info/SOURCES.txt'
[20.370s] writing manifest file 'lio_sam.egg-info/SOURCES.txt'
[20.393s] [  4%] Built target ament_cmake_python_build_lio_sam_egg
[20.493s] [  4%] Built target lio_sam__cpp
[20.501s] [ 10%] Generating C++ introspection for ROS interfaces
[20.501s] [ 10%] Generating C++ type support dispatch for ROS interfaces
[20.501s] [ 10%] Generating C++ type support for eProsima Fast-RTPS
[20.504s] [ 14%] Building C object CMakeFiles/lio_sam__rosidl_generator_c.dir/rosidl_generator_c/lio_sam/srv/detail/save_map__functions.c.o
[20.504s] [ 14%] Building C object CMakeFiles/lio_sam__rosidl_generator_c.dir/rosidl_generator_c/lio_sam/msg/detail/cloud_info__functions.c.o
[20.636s] [ 17%] Linking C shared library liblio_sam__rosidl_generator_c.so
[20.741s] [ 17%] Built target lio_sam__rosidl_generator_c
[20.749s] [ 21%] Generating C type support dispatch for ROS interfaces
[20.749s] [ 21%] Generating C type support for eProsima Fast-RTPS
[20.750s] [ 23%] Generating C introspection for ROS interfaces
[20.776s] [ 25%] Building CXX object CMakeFiles/lio_sam__rosidl_typesupport_cpp.dir/rosidl_typesupport_cpp/lio_sam/msg/cloud_info__type_support.cpp.o
[20.780s] [ 27%] Building CXX object CMakeFiles/lio_sam__rosidl_typesupport_cpp.dir/rosidl_typesupport_cpp/lio_sam/srv/save_map__type_support.cpp.o
[20.793s] [ 29%] Building CXX object CMakeFiles/lio_sam__rosidl_typesupport_introspection_cpp.dir/rosidl_typesupport_introspection_cpp/lio_sam/msg/detail/cloud_info__type_support.cpp.o
[20.799s] [ 31%] Building CXX object CMakeFiles/lio_sam__rosidl_typesupport_introspection_cpp.dir/rosidl_typesupport_introspection_cpp/lio_sam/srv/detail/save_map__type_support.cpp.o
[20.826s] [ 36%] Building CXX object CMakeFiles/lio_sam__rosidl_typesupport_fastrtps_cpp.dir/rosidl_typesupport_fastrtps_cpp/lio_sam/msg/detail/dds_fastrtps/cloud_info__type_support.cpp.o
[20.826s] [ 36%] Building CXX object CMakeFiles/lio_sam__rosidl_typesupport_fastrtps_cpp.dir/rosidl_typesupport_fastrtps_cpp/lio_sam/srv/detail/dds_fastrtps/save_map__type_support.cpp.o
[21.131s] [ 38%] Linking CXX shared library liblio_sam__rosidl_typesupport_cpp.so
[21.157s] [ 40%] Building CXX object CMakeFiles/lio_sam__rosidl_typesupport_c.dir/rosidl_typesupport_c/lio_sam/srv/save_map__type_support.cpp.o
[21.160s] [ 42%] Building CXX object CMakeFiles/lio_sam__rosidl_typesupport_c.dir/rosidl_typesupport_c/lio_sam/msg/cloud_info__type_support.cpp.o
[21.195s] [ 44%] Linking CXX shared library liblio_sam__rosidl_typesupport_c.so
[21.201s] [ 46%] Building C object CMakeFiles/lio_sam__rosidl_typesupport_introspection_c.dir/rosidl_typesupport_introspection_c/lio_sam/msg/detail/cloud_info__type_support.c.o
[21.204s] [ 48%] Building C object CMakeFiles/lio_sam__rosidl_typesupport_introspection_c.dir/rosidl_typesupport_introspection_c/lio_sam/srv/detail/save_map__type_support.c.o
[21.209s] [ 51%] Building CXX object CMakeFiles/lio_sam__rosidl_typesupport_fastrtps_c.dir/rosidl_typesupport_fastrtps_c/lio_sam/msg/detail/cloud_info__type_support_c.cpp.o
[21.212s] [ 53%] Building CXX object CMakeFiles/lio_sam__rosidl_typesupport_fastrtps_c.dir/rosidl_typesupport_fastrtps_c/lio_sam/srv/detail/save_map__type_support_c.cpp.o
[21.271s] [ 55%] Linking C shared library liblio_sam__rosidl_typesupport_introspection_c.so
[21.275s] [ 55%] Built target lio_sam__rosidl_typesupport_cpp
[21.291s] [ 57%] Building CXX object CMakeFiles/lio_sam_featureExtraction.dir/src/featureExtraction.cpp.o
[21.292s] [ 59%] Building CXX object CMakeFiles/lio_sam_imageProjection.dir/src/imageProjection.cpp.o
[21.294s] [ 61%] Building CXX object CMakeFiles/lio_sam_imuPreintegration.dir/src/imuPreintegration.cpp.o
[21.294s] [ 63%] Building CXX object CMakeFiles/lio_sam_mapOptimization.dir/src/mapOptmization.cpp.o
[21.337s] [ 63%] Built target lio_sam__rosidl_typesupport_c
[21.392s] [ 63%] Built target lio_sam__rosidl_typesupport_introspection_c
[21.441s] [ 65%] Linking CXX shared library liblio_sam__rosidl_typesupport_introspection_cpp.so
[21.452s] [ 68%] Linking CXX shared library liblio_sam__rosidl_typesupport_fastrtps_cpp.so
[21.607s] [ 68%] Built target lio_sam__rosidl_typesupport_fastrtps_cpp
[21.619s] [ 68%] Built target lio_sam__rosidl_typesupport_introspection_cpp
[21.686s] [ 70%] Linking CXX shared library liblio_sam__rosidl_typesupport_fastrtps_c.so
[21.868s] [ 70%] Built target lio_sam__rosidl_typesupport_fastrtps_c
[21.889s] [ 70%] Built target lio_sam
[21.906s] [ 72%] Generating Python code for ROS interfaces
[22.715s] [ 72%] Built target lio_sam__py
[22.743s] [ 74%] Building C object CMakeFiles/lio_sam__rosidl_generator_py.dir/rosidl_generator_py/lio_sam/msg/_cloud_info_s.c.o
[22.744s] [ 76%] Building C object CMakeFiles/lio_sam__rosidl_generator_py.dir/rosidl_generator_py/lio_sam/srv/_save_map_s.c.o
[23.076s] [ 78%] Linking C shared library rosidl_generator_py/lio_sam/liblio_sam__rosidl_generator_py.so
[23.246s] [ 78%] Built target lio_sam__rosidl_generator_py
[23.270s] [ 80%] Building C object CMakeFiles/lio_sam__rosidl_typesupport_fastrtps_c__pyext.dir/rosidl_generator_py/lio_sam/_lio_sam_s.ep.rosidl_typesupport_fastrtps_c.c.o
[23.271s] [ 82%] Building C object CMakeFiles/lio_sam__rosidl_typesupport_introspection_c__pyext.dir/rosidl_generator_py/lio_sam/_lio_sam_s.ep.rosidl_typesupport_introspection_c.c.o
[23.272s] [ 85%] Building C object CMakeFiles/lio_sam__rosidl_typesupport_c__pyext.dir/rosidl_generator_py/lio_sam/_lio_sam_s.ep.rosidl_typesupport_c.c.o
[23.468s] [ 87%] Linking C shared library rosidl_generator_py/lio_sam/lio_sam_s__rosidl_typesupport_fastrtps_c.cpython-310-x86_64-linux-gnu.so
[23.471s] [ 89%] Linking C shared library rosidl_generator_py/lio_sam/lio_sam_s__rosidl_typesupport_introspection_c.cpython-310-x86_64-linux-gnu.so
[23.492s] [ 91%] Linking C shared library rosidl_generator_py/lio_sam/lio_sam_s__rosidl_typesupport_c.cpython-310-x86_64-linux-gnu.so
[23.613s] [ 91%] Built target lio_sam__rosidl_typesupport_introspection_c__pyext
[23.615s] [ 91%] Built target lio_sam__rosidl_typesupport_fastrtps_c__pyext
[23.646s] [ 91%] Built target lio_sam__rosidl_typesupport_c__pyext
[24.759s] In file included from /home/tukorea/ros2_ws/src/SLAM/LIO-SAM/lio_sam_ros2/src/imuPreintegration.cpp:17:
[24.759s] /usr/local/include/gtsam_unstable/nonlinear/IncrementalFixedLagSmoother.h:17:2: warning: #warning "IncrementalFixedLagSmoother was moved to the gtsam/nonlinear directory" [-Wcpp]
[24.759s]    17 | #warning "IncrementalFixedLagSmoother was moved to the gtsam/nonlinear directory"
[24.759s]       |  ^~~~~~~
[38.708s] /home/tukorea/ros2_ws/src/SLAM/LIO-SAM/lio_sam_ros2/src/imuPreintegration.cpp: In constructor ‘IMUPreintegration::IMUPreintegration(const rclcpp::NodeOptions&)’:
[38.712s] /home/tukorea/ros2_ws/src/SLAM/LIO-SAM/lio_sam_ros2/src/imuPreintegration.cpp:248:100: error: conversion from ‘std::shared_ptr<gtsam::PreintegrationParams>’ to non-scalar type ‘boost::shared_ptr<gtsam::PreintegrationParams>’ requested
[38.712s]   248 |         boost::shared_ptr<gtsam::PreintegrationParams> p = gtsam::PreintegrationParams::MakeSharedU(imuGravity);
[38.712s]       |                                                            ~~~~~~~~~~~~~~~~~~~~~~~~~~~~~~~~~~~~~~~~^~~~~~~~~~~~
[38.712s] /home/tukorea/ros2_ws/src/SLAM/LIO-SAM/lio_sam_ros2/src/imuPreintegration.cpp:261:86: error: no matching function for call to ‘gtsam::PreintegratedImuMeasurementsT<gtsam::TangentPreintegration>::PreintegratedImuMeasurementsT(boost::shared_ptr<gtsam::PreintegrationParams>&, gtsam::imuBias::ConstantBias&)’
[38.712s]   261 |         imuIntegratorImu_ = new gtsam::PreintegratedImuMeasurements(p, prior_imu_bias); // setting up the IMU integration for IMU message thread
[38.712s]       |                                                                                      ^
[38.713s] In file included from /home/tukorea/ros2_ws/src/SLAM/LIO-SAM/lio_sam_ros2/src/imuPreintegration.cpp:8:
[38.713s] /usr/local/include/gtsam/navigation/ImuFactor.h:106:3: note: candidate: ‘gtsam::PreintegratedImuMeasurementsT<PreintegrationType>::PreintegratedImuMeasurementsT(const PreintegrationType&, const Matrix9&) [with PreintegrationType = gtsam::TangentPreintegration; gtsam::Matrix9 = Eigen::Matrix<double, 9, 9, 0, 9, 9>]’
[38.713s]   106 |   PreintegratedImuMeasurementsT(const PreintegrationType& base, const Matrix9& preintMeasCov)
[38.713s]       |   ^~~~~~~~~~~~~~~~~~~~~~~~~~~~~
[38.714s] /usr/local/include/gtsam/navigation/ImuFactor.h:106:59: note:   no known conversion for argument 1 from ‘boost::shared_ptr<gtsam::PreintegrationParams>’ to ‘const gtsam::TangentPreintegration&’
[38.714s]   106 |   PreintegratedImuMeasurementsT(const PreintegrationType& base, const Matrix9& preintMeasCov)
[38.714s]       |                                 ~~~~~~~~~~~~~~~~~~~~~~~~~~^~~~
[38.714s] /usr/local/include/gtsam/navigation/ImuFactor.h:95:3: note: candidate: ‘gtsam::PreintegratedImuMeasurementsT<PreintegrationType>::PreintegratedImuMeasurementsT(const std::shared_ptr<gtsam::PreintegrationParams>&, const gtsam::imuBias::ConstantBias&) [with PreintegrationType = gtsam::TangentPreintegration]’
[38.714s]    95 |   PreintegratedImuMeasurementsT(const std::shared_ptr<PreintegrationParams>& p,
[38.714s]       |   ^~~~~~~~~~~~~~~~~~~~~~~~~~~~~
[38.714s] /usr/local/include/gtsam/navigation/ImuFactor.h:95:78: note:   no known conversion for argument 1 from ‘boost::shared_ptr<gtsam::PreintegrationParams>’ to ‘const std::shared_ptr<gtsam::PreintegrationParams>&’
[38.714s]    95 |   PreintegratedImuMeasurementsT(const std::shared_ptr<PreintegrationParams>& p,
[38.714s]       |                                 ~~~~~~~~~~~~~~~~~~~~~~~~~~~~~~~~~~~~~~~~~~~~~^
[38.714s] /usr/local/include/gtsam/navigation/ImuFactor.h:86:3: note: candidate: ‘gtsam::PreintegratedImuMeasurementsT<PreintegrationType>::PreintegratedImuMeasurementsT() [with PreintegrationType = gtsam::TangentPreintegration]’
[38.714s]    86 |   PreintegratedImuMeasurementsT() {
[38.714s]       |   ^~~~~~~~~~~~~~~~~~~~~~~~~~~~~
[38.720s] /usr/local/include/gtsam/navigation/ImuFactor.h:86:3: note:   candidate expects 0 arguments, 2 provided
[38.720s] /usr/local/include/gtsam/navigation/ImuFactor.h:73:20: note: candidate: ‘gtsam::PreintegratedImuMeasurementsT<gtsam::TangentPreintegration>::PreintegratedImuMeasurementsT(const gtsam::PreintegratedImuMeasurementsT<gtsam::TangentPreintegration>&)’
[38.723s]    73 | class GTSAM_EXPORT PreintegratedImuMeasurementsT: public PreintegrationType {
[38.723s]       |                    ^~~~~~~~~~~~~~~~~~~~~~~~~~~~~
[38.723s] /usr/local/include/gtsam/navigation/ImuFactor.h:73:20: note:   candidate expects 1 argument, 2 provided
[38.723s] /home/tukorea/ros2_ws/src/SLAM/LIO-SAM/lio_sam_ros2/src/imuPreintegration.cpp:262:86: error: no matching function for call to ‘gtsam::PreintegratedImuMeasurementsT<gtsam::TangentPreintegration>::PreintegratedImuMeasurementsT(boost::shared_ptr<gtsam::PreintegrationParams>&, gtsam::imuBias::ConstantBias&)’
[38.723s]   262 |         imuIntegratorOpt_ = new gtsam::PreintegratedImuMeasurements(p, prior_imu_bias); // setting up the IMU integration for optimization
[38.723s]       |                                                                                      ^
[38.723s] In file included from /home/tukorea/ros2_ws/src/SLAM/LIO-SAM/lio_sam_ros2/src/imuPreintegration.cpp:8:
[38.723s] /usr/local/include/gtsam/navigation/ImuFactor.h:106:3: note: candidate: ‘gtsam::PreintegratedImuMeasurementsT<PreintegrationType>::PreintegratedImuMeasurementsT(const PreintegrationType&, const Matrix9&) [with PreintegrationType = gtsam::TangentPreintegration; gtsam::Matrix9 = Eigen::Matrix<double, 9, 9, 0, 9, 9>]’
[38.723s]   106 |   PreintegratedImuMeasurementsT(const PreintegrationType& base, const Matrix9& preintMeasCov)
[38.723s]       |   ^~~~~~~~~~~~~~~~~~~~~~~~~~~~~
[38.723s] /usr/local/include/gtsam/navigation/ImuFactor.h:106:59: note:   no known conversion for argument 1 from ‘boost::shared_ptr<gtsam::PreintegrationParams>’ to ‘const gtsam::TangentPreintegration&’
[38.723s]   106 |   PreintegratedImuMeasurementsT(const PreintegrationType& base, const Matrix9& preintMeasCov)
[38.723s]       |                                 ~~~~~~~~~~~~~~~~~~~~~~~~~~^~~~
[38.724s] /usr/local/include/gtsam/navigation/ImuFactor.h:95:3: note: candidate: ‘gtsam::PreintegratedImuMeasurementsT<PreintegrationType>::PreintegratedImuMeasurementsT(const std::shared_ptr<gtsam::PreintegrationParams>&, const gtsam::imuBias::ConstantBias&) [with PreintegrationType = gtsam::TangentPreintegration]’
[38.724s]    95 |   PreintegratedImuMeasurementsT(const std::shared_ptr<PreintegrationParams>& p,
[38.724s]       |   ^~~~~~~~~~~~~~~~~~~~~~~~~~~~~
[38.724s] /usr/local/include/gtsam/navigation/ImuFactor.h:95:78: note:   no known conversion for argument 1 from ‘boost::shared_ptr<gtsam::PreintegrationParams>’ to ‘const std::shared_ptr<gtsam::PreintegrationParams>&’
[38.724s]    95 |   PreintegratedImuMeasurementsT(const std::shared_ptr<PreintegrationParams>& p,
[38.724s]       |                                 ~~~~~~~~~~~~~~~~~~~~~~~~~~~~~~~~~~~~~~~~~~~~~^
[38.724s] /usr/local/include/gtsam/navigation/ImuFactor.h:86:3: note: candidate: ‘gtsam::PreintegratedImuMeasurementsT<PreintegrationType>::PreintegratedImuMeasurementsT() [with PreintegrationType = gtsam::TangentPreintegration]’
[38.724s]    86 |   PreintegratedImuMeasurementsT() {
[38.724s]       |   ^~~~~~~~~~~~~~~~~~~~~~~~~~~~~
[38.724s] /usr/local/include/gtsam/navigation/ImuFactor.h:86:3: note:   candidate expects 0 arguments, 2 provided
[38.724s] /usr/local/include/gtsam/navigation/ImuFactor.h:73:20: note: candidate: ‘gtsam::PreintegratedImuMeasurementsT<gtsam::TangentPreintegration>::PreintegratedImuMeasurementsT(const gtsam::PreintegratedImuMeasurementsT<gtsam::TangentPreintegration>&)’
[38.724s]    73 | class GTSAM_EXPORT PreintegratedImuMeasurementsT: public PreintegrationType {
[38.724s]       |                    ^~~~~~~~~~~~~~~~~~~~~~~~~~~~~
[38.724s] /usr/local/include/gtsam/navigation/ImuFactor.h:73:20: note:   candidate expects 1 argument, 2 provided
[92.776s] c++: fatal error: Killed signal terminated program cc1plus
[92.781s] compilation terminated.
[92.781s] gmake[2]: *** [CMakeFiles/lio_sam_imageProjection.dir/build.make:76: CMakeFiles/lio_sam_imageProjection.dir/src/imageProjection.cpp.o] Error 1
[92.782s] gmake[1]: *** [CMakeFiles/Makefile2:626: CMakeFiles/lio_sam_imageProjection.dir/all] Error 2
[92.783s] gmake[1]: *** Waiting for unfinished jobs....
[218.645s] gmake[2]: *** [CMakeFiles/lio_sam_imuPreintegration.dir/build.make:76: CMakeFiles/lio_sam_imuPreintegration.dir/src/imuPreintegration.cpp.o] Error 1
[218.656s] gmake[1]: *** [CMakeFiles/Makefile2:653: CMakeFiles/lio_sam_imuPreintegration.dir/all] Error 2
[223.118s] [ 93%] Linking CXX executable lio_sam_featureExtraction
[223.595s] [ 93%] Built target lio_sam_featureExtraction
[263.038s] [ 95%] Linking CXX executable lio_sam_mapOptimization
[263.633s] /usr/bin/ld: warning: libtbb.so.2, needed by /usr/lib/x86_64-linux-gnu/libopencv_core.so.4.5.4d, may conflict with libtbb.so.12
[263.851s] [ 95%] Built target lio_sam_mapOptimization
[263.860s] gmake: *** [Makefile:146: all] Error 2
