-- The C compiler identification is GNU 11.4.0
-- The CXX compiler identification is GNU 11.4.0
-- Detecting C compiler ABI info
-- Detecting C compiler ABI info - done
-- Check for working C compiler: /usr/bin/cc - skipped
-- Detecting C compile features
-- Detecting C compile features - done
-- Detecting CXX compiler ABI info
-- Detecting CXX compiler ABI info - done
-- Check for working CXX compiler: /usr/bin/c++ - skipped
-- Detecting CXX compile features
-- Detecting CXX compile features - done
-- Found ament_cmake: 1.3.12 (/opt/ros/humble/share/ament_cmake/cmake)
-- Found Python3: /usr/bin/python3 (found version "3.10.12") found components: Interpreter 
-- Found rosidl_default_generators: 1.2.0 (/opt/ros/humble/share/rosidl_default_generators/cmake)
-- Using all available rosidl_typesupport_c: rosidl_typesupport_fastrtps_c;rosidl_typesupport_introspection_c
-- Found rosidl_adapter: 3.1.8 (/opt/ros/humble/share/rosidl_adapter/cmake)
-- Using all available rosidl_typesupport_cpp: rosidl_typesupport_fastrtps_cpp;rosidl_typesupport_introspection_cpp
-- Found rclcpp: 16.0.17 (/opt/ros/humble/share/rclcpp/cmake)
-- Found rmw_implementation_cmake: 6.1.2 (/opt/ros/humble/share/rmw_implementation_cmake/cmake)
-- Found rmw_fastrtps_cpp: 6.2.9 (/opt/ros/humble/share/rmw_fastrtps_cpp/cmake)
-- Found OpenSSL: /usr/lib/x86_64-linux-gnu/libcrypto.so (found version "3.0.2")  
-- Found FastRTPS: /opt/ros/humble/include  
-- Using RMW implementation 'rmw_fastrtps_cpp' as default
-- Looking for pthread.h
-- Looking for pthread.h - found
-- Performing Test CMAKE_HAVE_LIBC_PTHREAD
-- Performing Test CMAKE_HAVE_LIBC_PTHREAD - Success
-- Found Threads: TRUE  
-- Found rclpy: 3.3.19 (/opt/ros/humble/share/rclpy/cmake)
-- Found cv_bridge: 3.2.1 (/opt/ros/humble/share/cv_bridge/cmake)
-- Found nav_msgs: 4.9.0 (/opt/ros/humble/share/nav_msgs/cmake)
-- Found visualization_msgs: 4.9.0 (/opt/ros/humble/share/visualization_msgs/cmake)
-- Found pcl_conversions: 2.4.5 (/opt/ros/humble/share/pcl_conversions/cmake)
-- Checking for module 'eigen3'
--   Found eigen3, version 3.4.0
-- Found Eigen: /usr/include/eigen3 (Required is at least version "3.1") 
-- Eigen found (include: /usr/include/eigen3, version: 3.4.0)
-- Checking for module 'flann'
--   Found flann, version 1.9.1
-- Found FLANN: /usr/lib/x86_64-linux-gnu/libflann_cpp.so  
-- FLANN found (include: /usr/include, lib: /usr/lib/x86_64-linux-gnu/libflann_cpp.so)
-- Checking for module 'libusb-1.0'
--   Found libusb-1.0, version 1.0.25
-- Found libusb: /usr/lib/x86_64-linux-gnu/libusb-1.0.so  
-- OpenNI found (version: 1.5.4.0, include: /usr/include/ni, lib: /usr/lib/libOpenNI.so;libusb::libusb)
-- OpenNI2 found (version: 2.2.0.33, include: /usr/include/openni2, lib: /usr/lib/x86_64-linux-gnu/libOpenNI2.so;libusb::libusb)
-- Eigen found (include: /usr/include/eigen3, version: 3.4.0)
-- OpenNI found (version: 1.5.4.0, include: /usr/include/ni, lib: /usr/lib/libOpenNI.so;libusb::libusb)
-- OpenNI2 found (version: 2.2.0.33, include: /usr/include/openni2, lib: /usr/lib/x86_64-linux-gnu/libOpenNI2.so;libusb::libusb)
-- Found Qhull version 8.0.2
-- OpenNI found (version: 1.5.4.0, include: /usr/include/ni, lib: /usr/lib/libOpenNI.so;libusb::libusb)
-- Found PCL_COMMON: /usr/lib/x86_64-linux-gnu/libpcl_common.so  
-- Found PCL_KDTREE: /usr/lib/x86_64-linux-gnu/libpcl_kdtree.so  
-- Found PCL_OCTREE: /usr/lib/x86_64-linux-gnu/libpcl_octree.so  
-- Found PCL_SEARCH: /usr/lib/x86_64-linux-gnu/libpcl_search.so  
-- Found PCL_SAMPLE_CONSENSUS: /usr/lib/x86_64-linux-gnu/libpcl_sample_consensus.so  
-- Found PCL_FILTERS: /usr/lib/x86_64-linux-gnu/libpcl_filters.so  
-- Found PCL_2D: /usr/include/pcl-1.12  
-- Found PCL_GEOMETRY: /usr/include/pcl-1.12  
-- Found PCL_IO: /usr/lib/x86_64-linux-gnu/libpcl_io.so  
-- Found PCL_FEATURES: /usr/lib/x86_64-linux-gnu/libpcl_features.so  
-- Found PCL_ML: /usr/lib/x86_64-linux-gnu/libpcl_ml.so  
-- Found PCL_SEGMENTATION: /usr/lib/x86_64-linux-gnu/libpcl_segmentation.so  
-- Found PCL_VISUALIZATION: /usr/lib/x86_64-linux-gnu/libpcl_visualization.so  
-- Found PCL_SURFACE: /usr/lib/x86_64-linux-gnu/libpcl_surface.so  
-- Found PCL_REGISTRATION: /usr/lib/x86_64-linux-gnu/libpcl_registration.so  
-- Found PCL_KEYPOINTS: /usr/lib/x86_64-linux-gnu/libpcl_keypoints.so  
-- Found PCL_TRACKING: /usr/lib/x86_64-linux-gnu/libpcl_tracking.so  
-- Found PCL_RECOGNITION: /usr/lib/x86_64-linux-gnu/libpcl_recognition.so  
-- Found PCL_STEREO: /usr/lib/x86_64-linux-gnu/libpcl_stereo.so  
-- Found PCL_APPS: /usr/lib/x86_64-linux-gnu/libpcl_apps.so  
-- Found PCL_IN_HAND_SCANNER: /usr/include/pcl-1.12  
-- Found PCL_MODELER: /usr/include/pcl-1.12  
-- Found PCL_POINT_CLOUD_EDITOR: /usr/include/pcl-1.12  
-- Found PCL_OUTOFCORE: /usr/lib/x86_64-linux-gnu/libpcl_outofcore.so  
-- Found PCL_PEOPLE: /usr/lib/x86_64-linux-gnu/libpcl_people.so  
-- Found tf2: 0.25.18 (/opt/ros/humble/share/tf2/cmake)
-- Found tf2_geometry_msgs: 0.25.18 (/opt/ros/humble/share/tf2_geometry_msgs/cmake)
-- Found eigen3_cmake_module: 0.1.1 (/opt/ros/humble/share/eigen3_cmake_module/cmake)
-- Found Eigen3: TRUE (found version "3.4.0") 
-- Ensuring Eigen3 include directory is part of orocos-kdl CMake target
-- Found tf2_sensor_msgs: 0.25.18 (/opt/ros/humble/share/tf2_sensor_msgs/cmake)
-- Found tf2_eigen: 0.25.18 (/opt/ros/humble/share/tf2_eigen/cmake)
-- Found OpenCV: /usr (found version "4.5.4") 
CMake Warning (dev) at CMakeLists.txt:29 (find_package):
  Policy CMP0074 is not set: find_package uses <PackageName>_ROOT variables.
  Run "cmake --help-policy CMP0074" for policy details.  Use the cmake_policy
  command to set the policy and suppress this warning.

  CMake variable PCL_ROOT is set to:

    /usr

  For compatibility, CMake is ignoring the variable.
This warning is for project developers.  Use -Wno-dev to suppress it.

-- Found Boost: /usr/lib/x86_64-linux-gnu/cmake/Boost-1.74.0/BoostConfig.cmake (found suitable version "1.74.0", minimum required is "1.70") found components: serialization filesystem thread program_options date_time timer chrono regex 
-- GTSAM include directory:  /usr/local/lib/cmake/GTSAM/../../../include
-- Found Eigen: /usr/include/eigen3  
-- Eigen found (include: /usr/include/eigen3, version: 3.4.0)
-- Found OpenMP_C: -fopenmp (found version "4.5") 
-- Found OpenMP_CXX: -fopenmp (found version "4.5") 
-- Found OpenMP: TRUE (found version "4.5")  
-- Found ament_cmake_ros: 0.10.0 (/opt/ros/humble/share/ament_cmake_ros/cmake)
-- Using all available rosidl_typesupport_c: rosidl_typesupport_fastrtps_c;rosidl_typesupport_introspection_c
-- Using all available rosidl_typesupport_cpp: rosidl_typesupport_fastrtps_cpp;rosidl_typesupport_introspection_cpp
-- Found PythonInterp: /usr/bin/python3 (found suitable version "3.10.12", minimum required is "3.6") 
-- Found python_cmake_module: 0.10.0 (/opt/ros/humble/share/python_cmake_module/cmake)
-- Found PythonLibs: /usr/lib/x86_64-linux-gnu/libpython3.10.so (found suitable version "3.10.12", minimum required is "3.5") 
-- Using PYTHON_EXECUTABLE: /usr/bin/python3
-- Using PYTHON_INCLUDE_DIRS: /usr/include/python3.10
-- Using PYTHON_LIBRARIES: /usr/lib/x86_64-linux-gnu/libpython3.10.so
-- Found PythonExtra: .so  
-- Found ament_lint_auto: 0.12.14 (/opt/ros/humble/share/ament_lint_auto/cmake)
-- Added test 'copyright' to check source files copyright and LICENSE
-- Added test 'cppcheck' to perform static code analysis on C / C++ code
-- Configured cppcheck include dirs: /home/tukorea/ros2_ws/src/SLAM/LIO-SAM/livox_lio_sam/include/livox_lio_sam
-- Configured cppcheck exclude dirs and/or files: 
-- Added test 'cpplint' to check C / C++ code against the Google style
-- Configured cpplint exclude dirs and/or files: 
-- Added test 'flake8' to check Python code syntax and style conventions
-- Added test 'lint_cmake' to check CMake code style
-- Added test 'pep257' to check Python code against some of the docstring style conventions in PEP 257
-- Added test 'uncrustify' to check C / C++ code style
-- Configured uncrustify additional arguments: 
-- Added test 'xmllint' to check XML markup files
-- Configuring done
-- Generating done
-- Build files have been written to: /home/tukorea/ros2_ws/build/livox_lio_sam
[  1%] Generating C code for ROS interfaces
[  3%] Generating C++ code for ROS interfaces
[  3%] Built target ament_cmake_python_copy_livox_lio_sam
running egg_info
creating livox_lio_sam.egg-info
writing livox_lio_sam.egg-info/PKG-INFO
writing dependency_links to livox_lio_sam.egg-info/dependency_links.txt
writing top-level names to livox_lio_sam.egg-info/top_level.txt
writing manifest file 'livox_lio_sam.egg-info/SOURCES.txt'
reading manifest file 'livox_lio_sam.egg-info/SOURCES.txt'
writing manifest file 'livox_lio_sam.egg-info/SOURCES.txt'
[  3%] Built target ament_cmake_python_build_livox_lio_sam_egg
[  3%] Built target livox_lio_sam__cpp
[  5%] Building C object CMakeFiles/livox_lio_sam__rosidl_generator_c.dir/rosidl_generator_c/livox_lio_sam/msg/detail/cloud_info__functions.c.o
[  7%] Building C object CMakeFiles/livox_lio_sam__rosidl_generator_c.dir/rosidl_generator_c/livox_lio_sam/srv/detail/reset__functions.c.o
[  9%] Generating C++ type support dispatch for ROS interfaces
[ 10%] Generating C++ type support for eProsima Fast-RTPS
[ 12%] Building C object CMakeFiles/livox_lio_sam__rosidl_generator_c.dir/rosidl_generator_c/livox_lio_sam/srv/detail/save_map__functions.c.o
[ 14%] Generating C++ introspection for ROS interfaces
[ 16%] Linking C shared library liblivox_lio_sam__rosidl_generator_c.so
[ 16%] Built target livox_lio_sam__rosidl_generator_c
[ 20%] Generating C type support dispatch for ROS interfaces
[ 20%] Generating C type support for eProsima Fast-RTPS
[ 21%] Generating C introspection for ROS interfaces
[ 23%] Building CXX object CMakeFiles/livox_lio_sam__rosidl_typesupport_cpp.dir/rosidl_typesupport_cpp/livox_lio_sam/srv/reset__type_support.cpp.o
[ 25%] Building CXX object CMakeFiles/livox_lio_sam__rosidl_typesupport_cpp.dir/rosidl_typesupport_cpp/livox_lio_sam/srv/save_map__type_support.cpp.o
[ 27%] Building CXX object CMakeFiles/livox_lio_sam__rosidl_typesupport_cpp.dir/rosidl_typesupport_cpp/livox_lio_sam/msg/cloud_info__type_support.cpp.o
[ 29%] Building CXX object CMakeFiles/livox_lio_sam__rosidl_typesupport_introspection_cpp.dir/rosidl_typesupport_introspection_cpp/livox_lio_sam/msg/detail/cloud_info__type_support.cpp.o
[ 30%] Building CXX object CMakeFiles/livox_lio_sam__rosidl_typesupport_introspection_cpp.dir/rosidl_typesupport_introspection_cpp/livox_lio_sam/srv/detail/reset__type_support.cpp.o
[ 32%] Building CXX object CMakeFiles/livox_lio_sam__rosidl_typesupport_introspection_cpp.dir/rosidl_typesupport_introspection_cpp/livox_lio_sam/srv/detail/save_map__type_support.cpp.o
[ 36%] Building CXX object CMakeFiles/livox_lio_sam__rosidl_typesupport_fastrtps_cpp.dir/rosidl_typesupport_fastrtps_cpp/livox_lio_sam/srv/detail/dds_fastrtps/save_map__type_support.cpp.o
[ 36%] Building CXX object CMakeFiles/livox_lio_sam__rosidl_typesupport_fastrtps_cpp.dir/rosidl_typesupport_fastrtps_cpp/livox_lio_sam/msg/detail/dds_fastrtps/cloud_info__type_support.cpp.o
[ 38%] Building CXX object CMakeFiles/livox_lio_sam__rosidl_typesupport_fastrtps_cpp.dir/rosidl_typesupport_fastrtps_cpp/livox_lio_sam/srv/detail/dds_fastrtps/reset__type_support.cpp.o
[ 40%] Building CXX object CMakeFiles/livox_lio_sam__rosidl_typesupport_c.dir/rosidl_typesupport_c/livox_lio_sam/srv/save_map__type_support.cpp.o
[ 41%] Building CXX object CMakeFiles/livox_lio_sam__rosidl_typesupport_c.dir/rosidl_typesupport_c/livox_lio_sam/msg/cloud_info__type_support.cpp.o
[ 43%] Building CXX object CMakeFiles/livox_lio_sam__rosidl_typesupport_c.dir/rosidl_typesupport_c/livox_lio_sam/srv/reset__type_support.cpp.o
[ 45%] Linking CXX shared library liblivox_lio_sam__rosidl_typesupport_cpp.so
[ 47%] Linking CXX shared library liblivox_lio_sam__rosidl_typesupport_c.so
[ 49%] Building C object CMakeFiles/livox_lio_sam__rosidl_typesupport_introspection_c.dir/rosidl_typesupport_introspection_c/livox_lio_sam/srv/detail/reset__type_support.c.o
[ 50%] Building C object CMakeFiles/livox_lio_sam__rosidl_typesupport_introspection_c.dir/rosidl_typesupport_introspection_c/livox_lio_sam/srv/detail/save_map__type_support.c.o
[ 52%] Building C object CMakeFiles/livox_lio_sam__rosidl_typesupport_introspection_c.dir/rosidl_typesupport_introspection_c/livox_lio_sam/msg/detail/cloud_info__type_support.c.o
[ 54%] Building CXX object CMakeFiles/livox_lio_sam__rosidl_typesupport_fastrtps_c.dir/rosidl_typesupport_fastrtps_c/livox_lio_sam/msg/detail/cloud_info__type_support_c.cpp.o
[ 58%] Building CXX object CMakeFiles/livox_lio_sam__rosidl_typesupport_fastrtps_c.dir/rosidl_typesupport_fastrtps_c/livox_lio_sam/srv/detail/save_map__type_support_c.cpp.o
[ 58%] Building CXX object CMakeFiles/livox_lio_sam__rosidl_typesupport_fastrtps_c.dir/rosidl_typesupport_fastrtps_c/livox_lio_sam/srv/detail/reset__type_support_c.cpp.o
[ 60%] Linking C shared library liblivox_lio_sam__rosidl_typesupport_introspection_c.so
[ 60%] Built target livox_lio_sam__rosidl_typesupport_c
[ 60%] Built target livox_lio_sam__rosidl_typesupport_cpp
[ 61%] Building CXX object CMakeFiles/livox_lio_sam_mapOptimization.dir/src/mapOptmization.cpp.o
[ 65%] Building CXX object CMakeFiles/livox_lio_sam_featureExtraction.dir/src/featureExtraction.cpp.o
[ 65%] Building CXX object CMakeFiles/livox_lio_sam_imuPreintegration.dir/src/imuPreintegration.cpp.o
[ 67%] Building CXX object CMakeFiles/livox_lio_sam_imageProjection.dir/src/imageProjection.cpp.o
[ 67%] Built target livox_lio_sam__rosidl_typesupport_introspection_c
[ 69%] Linking CXX shared library liblivox_lio_sam__rosidl_typesupport_introspection_cpp.so
[ 70%] Linking CXX shared library liblivox_lio_sam__rosidl_typesupport_fastrtps_cpp.so
[ 70%] Built target livox_lio_sam__rosidl_typesupport_introspection_cpp
[ 72%] Linking CXX shared library liblivox_lio_sam__rosidl_typesupport_fastrtps_c.so
[ 72%] Built target livox_lio_sam__rosidl_typesupport_fastrtps_cpp
[ 72%] Built target livox_lio_sam__rosidl_typesupport_fastrtps_c
[ 72%] Built target livox_lio_sam
[ 74%] Generating Python code for ROS interfaces
[ 74%] Built target livox_lio_sam__py
[ 76%] Building C object CMakeFiles/livox_lio_sam__rosidl_generator_py.dir/rosidl_generator_py/livox_lio_sam/srv/_reset_s.c.o
[ 80%] Building C object CMakeFiles/livox_lio_sam__rosidl_generator_py.dir/rosidl_generator_py/livox_lio_sam/srv/_save_map_s.c.o
[ 80%] Building C object CMakeFiles/livox_lio_sam__rosidl_generator_py.dir/rosidl_generator_py/livox_lio_sam/msg/_cloud_info_s.c.o
[ 81%] Linking C shared library rosidl_generator_py/livox_lio_sam/liblivox_lio_sam__rosidl_generator_py.so
[ 81%] Built target livox_lio_sam__rosidl_generator_py
[ 83%] Building C object CMakeFiles/livox_lio_sam__rosidl_typesupport_fastrtps_c__pyext.dir/rosidl_generator_py/livox_lio_sam/_livox_lio_sam_s.ep.rosidl_typesupport_fastrtps_c.c.o
[ 85%] Building C object CMakeFiles/livox_lio_sam__rosidl_typesupport_introspection_c__pyext.dir/rosidl_generator_py/livox_lio_sam/_livox_lio_sam_s.ep.rosidl_typesupport_introspection_c.c.o
[ 87%] Building C object CMakeFiles/livox_lio_sam__rosidl_typesupport_c__pyext.dir/rosidl_generator_py/livox_lio_sam/_livox_lio_sam_s.ep.rosidl_typesupport_c.c.o
[ 89%] Linking C shared library rosidl_generator_py/livox_lio_sam/livox_lio_sam_s__rosidl_typesupport_c.cpython-310-x86_64-linux-gnu.so
[ 90%] Linking C shared library rosidl_generator_py/livox_lio_sam/livox_lio_sam_s__rosidl_typesupport_fastrtps_c.cpython-310-x86_64-linux-gnu.so
[ 92%] Linking C shared library rosidl_generator_py/livox_lio_sam/livox_lio_sam_s__rosidl_typesupport_introspection_c.cpython-310-x86_64-linux-gnu.so
[ 92%] Built target livox_lio_sam__rosidl_typesupport_c__pyext
[ 92%] Built target livox_lio_sam__rosidl_typesupport_introspection_c__pyext
[ 92%] Built target livox_lio_sam__rosidl_typesupport_fastrtps_c__pyext
In file included from /home/tukorea/ros2_ws/src/SLAM/LIO-SAM/livox_lio_sam/src/imuPreintegration.cpp:18:
/usr/local/include/gtsam_unstable/nonlinear/IncrementalFixedLagSmoother.h:17:2: warning: #warning "IncrementalFixedLagSmoother was moved to the gtsam/nonlinear directory" [-Wcpp]
   17 | #warning "IncrementalFixedLagSmoother was moved to the gtsam/nonlinear directory"
      |  ^~~~~~~
/home/tukorea/ros2_ws/src/SLAM/LIO-SAM/livox_lio_sam/src/imuPreintegration.cpp: In constructor ‘IMUPreintegration::IMUPreintegration(const rclcpp::NodeOptions&)’:
/home/tukorea/ros2_ws/src/SLAM/LIO-SAM/livox_lio_sam/src/imuPreintegration.cpp:252:100: error: conversion from ‘std::shared_ptr<gtsam::PreintegrationParams>’ to non-scalar type ‘boost::shared_ptr<gtsam::PreintegrationParams>’ requested
  252 |         boost::shared_ptr<gtsam::PreintegrationParams> p = gtsam::PreintegrationParams::MakeSharedU(imuGravity);
      |                                                            ~~~~~~~~~~~~~~~~~~~~~~~~~~~~~~~~~~~~~~~~^~~~~~~~~~~~
/home/tukorea/ros2_ws/src/SLAM/LIO-SAM/livox_lio_sam/src/imuPreintegration.cpp:265:86: error: no matching function for call to ‘gtsam::PreintegratedImuMeasurementsT<gtsam::TangentPreintegration>::PreintegratedImuMeasurementsT(boost::shared_ptr<gtsam::PreintegrationParams>&, gtsam::imuBias::ConstantBias&)’
  265 |         imuIntegratorImu_ = new gtsam::PreintegratedImuMeasurements(p, prior_imu_bias); // setting up the IMU integration for IMU message thread
      |                                                                                      ^
In file included from /home/tukorea/ros2_ws/src/SLAM/LIO-SAM/livox_lio_sam/src/imuPreintegration.cpp:9:
/usr/local/include/gtsam/navigation/ImuFactor.h:106:3: note: candidate: ‘gtsam::PreintegratedImuMeasurementsT<PreintegrationType>::PreintegratedImuMeasurementsT(const PreintegrationType&, const Matrix9&) [with PreintegrationType = gtsam::TangentPreintegration; gtsam::Matrix9 = Eigen::Matrix<double, 9, 9, 0, 9, 9>]’
  106 |   PreintegratedImuMeasurementsT(const PreintegrationType& base, const Matrix9& preintMeasCov)
      |   ^~~~~~~~~~~~~~~~~~~~~~~~~~~~~
/usr/local/include/gtsam/navigation/ImuFactor.h:106:59: note:   no known conversion for argument 1 from ‘boost::shared_ptr<gtsam::PreintegrationParams>’ to ‘const gtsam::TangentPreintegration&’
  106 |   PreintegratedImuMeasurementsT(const PreintegrationType& base, const Matrix9& preintMeasCov)
      |                                 ~~~~~~~~~~~~~~~~~~~~~~~~~~^~~~
/usr/local/include/gtsam/navigation/ImuFactor.h:95:3: note: candidate: ‘gtsam::PreintegratedImuMeasurementsT<PreintegrationType>::PreintegratedImuMeasurementsT(const std::shared_ptr<gtsam::PreintegrationParams>&, const gtsam::imuBias::ConstantBias&) [with PreintegrationType = gtsam::TangentPreintegration]’
   95 |   PreintegratedImuMeasurementsT(const std::shared_ptr<PreintegrationParams>& p,
      |   ^~~~~~~~~~~~~~~~~~~~~~~~~~~~~
/usr/local/include/gtsam/navigation/ImuFactor.h:95:78: note:   no known conversion for argument 1 from ‘boost::shared_ptr<gtsam::PreintegrationParams>’ to ‘const std::shared_ptr<gtsam::PreintegrationParams>&’
   95 |   PreintegratedImuMeasurementsT(const std::shared_ptr<PreintegrationParams>& p,
      |                                 ~~~~~~~~~~~~~~~~~~~~~~~~~~~~~~~~~~~~~~~~~~~~~^
/usr/local/include/gtsam/navigation/ImuFactor.h:86:3: note: candidate: ‘gtsam::PreintegratedImuMeasurementsT<PreintegrationType>::PreintegratedImuMeasurementsT() [with PreintegrationType = gtsam::TangentPreintegration]’
   86 |   PreintegratedImuMeasurementsT() {
      |   ^~~~~~~~~~~~~~~~~~~~~~~~~~~~~
/usr/local/include/gtsam/navigation/ImuFactor.h:86:3: note:   candidate expects 0 arguments, 2 provided
/usr/local/include/gtsam/navigation/ImuFactor.h:73:20: note: candidate: ‘gtsam::PreintegratedImuMeasurementsT<gtsam::TangentPreintegration>::PreintegratedImuMeasurementsT(const gtsam::PreintegratedImuMeasurementsT<gtsam::TangentPreintegration>&)’
   73 | class GTSAM_EXPORT PreintegratedImuMeasurementsT: public PreintegrationType {
      |                    ^~~~~~~~~~~~~~~~~~~~~~~~~~~~~
/usr/local/include/gtsam/navigation/ImuFactor.h:73:20: note:   candidate expects 1 argument, 2 provided
/home/tukorea/ros2_ws/src/SLAM/LIO-SAM/livox_lio_sam/src/imuPreintegration.cpp:266:86: error: no matching function for call to ‘gtsam::PreintegratedImuMeasurementsT<gtsam::TangentPreintegration>::PreintegratedImuMeasurementsT(boost::shared_ptr<gtsam::PreintegrationParams>&, gtsam::imuBias::ConstantBias&)’
  266 |         imuIntegratorOpt_ = new gtsam::PreintegratedImuMeasurements(p, prior_imu_bias); // setting up the IMU integration for optimization
      |                                                                                      ^
In file included from /home/tukorea/ros2_ws/src/SLAM/LIO-SAM/livox_lio_sam/src/imuPreintegration.cpp:9:
/usr/local/include/gtsam/navigation/ImuFactor.h:106:3: note: candidate: ‘gtsam::PreintegratedImuMeasurementsT<PreintegrationType>::PreintegratedImuMeasurementsT(const PreintegrationType&, const Matrix9&) [with PreintegrationType = gtsam::TangentPreintegration; gtsam::Matrix9 = Eigen::Matrix<double, 9, 9, 0, 9, 9>]’
  106 |   PreintegratedImuMeasurementsT(const PreintegrationType& base, const Matrix9& preintMeasCov)
      |   ^~~~~~~~~~~~~~~~~~~~~~~~~~~~~
/usr/local/include/gtsam/navigation/ImuFactor.h:106:59: note:   no known conversion for argument 1 from ‘boost::shared_ptr<gtsam::PreintegrationParams>’ to ‘const gtsam::TangentPreintegration&’
  106 |   PreintegratedImuMeasurementsT(const PreintegrationType& base, const Matrix9& preintMeasCov)
      |                                 ~~~~~~~~~~~~~~~~~~~~~~~~~~^~~~
/usr/local/include/gtsam/navigation/ImuFactor.h:95:3: note: candidate: ‘gtsam::PreintegratedImuMeasurementsT<PreintegrationType>::PreintegratedImuMeasurementsT(const std::shared_ptr<gtsam::PreintegrationParams>&, const gtsam::imuBias::ConstantBias&) [with PreintegrationType = gtsam::TangentPreintegration]’
   95 |   PreintegratedImuMeasurementsT(const std::shared_ptr<PreintegrationParams>& p,
      |   ^~~~~~~~~~~~~~~~~~~~~~~~~~~~~
/usr/local/include/gtsam/navigation/ImuFactor.h:95:78: note:   no known conversion for argument 1 from ‘boost::shared_ptr<gtsam::PreintegrationParams>’ to ‘const std::shared_ptr<gtsam::PreintegrationParams>&’
   95 |   PreintegratedImuMeasurementsT(const std::shared_ptr<PreintegrationParams>& p,
      |                                 ~~~~~~~~~~~~~~~~~~~~~~~~~~~~~~~~~~~~~~~~~~~~~^
/usr/local/include/gtsam/navigation/ImuFactor.h:86:3: note: candidate: ‘gtsam::PreintegratedImuMeasurementsT<PreintegrationType>::PreintegratedImuMeasurementsT() [with PreintegrationType = gtsam::TangentPreintegration]’
   86 |   PreintegratedImuMeasurementsT() {
      |   ^~~~~~~~~~~~~~~~~~~~~~~~~~~~~
/usr/local/include/gtsam/navigation/ImuFactor.h:86:3: note:   candidate expects 0 arguments, 2 provided
/usr/local/include/gtsam/navigation/ImuFactor.h:73:20: note: candidate: ‘gtsam::PreintegratedImuMeasurementsT<gtsam::TangentPreintegration>::PreintegratedImuMeasurementsT(const gtsam::PreintegratedImuMeasurementsT<gtsam::TangentPreintegration>&)’
   73 | class GTSAM_EXPORT PreintegratedImuMeasurementsT: public PreintegrationType {
      |                    ^~~~~~~~~~~~~~~~~~~~~~~~~~~~~
/usr/local/include/gtsam/navigation/ImuFactor.h:73:20: note:   candidate expects 1 argument, 2 provided
c++: fatal error: Killed signal terminated program cc1plus
compilation terminated.
gmake[2]: *** [CMakeFiles/livox_lio_sam_mapOptimization.dir/build.make:76: CMakeFiles/livox_lio_sam_mapOptimization.dir/src/mapOptmization.cpp.o] Error 1
gmake[1]: *** [CMakeFiles/Makefile2:680: CMakeFiles/livox_lio_sam_mapOptimization.dir/all] Error 2
gmake[1]: *** Waiting for unfinished jobs....
[ 94%] Linking CXX executable livox_lio_sam_featureExtraction
gmake[2]: *** [CMakeFiles/livox_lio_sam_imuPreintegration.dir/build.make:76: CMakeFiles/livox_lio_sam_imuPreintegration.dir/src/imuPreintegration.cpp.o] Error 1
gmake[1]: *** [CMakeFiles/Makefile2:653: CMakeFiles/livox_lio_sam_imuPreintegration.dir/all] Error 2
[ 94%] Built target livox_lio_sam_featureExtraction
[ 96%] Linking CXX executable livox_lio_sam_imageProjection
[ 96%] Built target livox_lio_sam_imageProjection
gmake: *** [Makefile:146: all] Error 2
