[0.230s] Invoking command in '/home/tukorea/ros2_ws/build/livox_lio_sam': CMAKE_PREFIX_PATH=/opt/ros/humble /usr/bin/cmake /home/tukorea/ros2_ws/src/SLAM/LIO-SAM/livox_lio_sam -DCMAKE_INSTALL_PREFIX=/home/tukorea/ros2_ws/install/livox_lio_sam
[0.359s] -- The C compiler identification is GNU 11.4.0
[0.754s] -- The CXX compiler identification is GNU 11.4.0
[0.996s] -- Detecting C compiler ABI info
[1.129s] -- Detecting C compiler ABI info - done
[1.135s] -- Check for working C compiler: /usr/bin/cc - skipped
[1.135s] -- Detecting C compile features
[1.135s] -- Detecting C compile features - done
[1.138s] -- Detecting CXX compiler ABI info
[1.251s] -- Detecting CXX compiler ABI info - done
[1.257s] -- Check for working CXX compiler: /usr/bin/c++ - skipped
[1.257s] -- Detecting CXX compile features
[1.258s] -- Detecting CXX compile features - done
[1.259s] -- Found ament_cmake: 1.3.12 (/opt/ros/humble/share/ament_cmake/cmake)
[1.383s] -- Found Python3: /usr/bin/python3 (found version "3.10.12") found components: Interpreter 
[1.472s] -- Found rosidl_default_generators: 1.2.0 (/opt/ros/humble/share/rosidl_default_generators/cmake)
[1.477s] -- Using all available rosidl_typesupport_c: rosidl_typesupport_fastrtps_c;rosidl_typesupport_introspection_c
[1.486s] -- Found rosidl_adapter: 3.1.8 (/opt/ros/humble/share/rosidl_adapter/cmake)
[1.622s] -- Using all available rosidl_typesupport_cpp: rosidl_typesupport_fastrtps_cpp;rosidl_typesupport_introspection_cpp
[1.655s] -- Found rclcpp: 16.0.17 (/opt/ros/humble/share/rclcpp/cmake)
[1.699s] -- Found rmw_implementation_cmake: 6.1.2 (/opt/ros/humble/share/rmw_implementation_cmake/cmake)
[1.704s] -- Found rmw_fastrtps_cpp: 6.2.9 (/opt/ros/humble/share/rmw_fastrtps_cpp/cmake)
[2.232s] -- Found OpenSSL: /usr/lib/x86_64-linux-gnu/libcrypto.so (found version "3.0.2")  
[3.330s] -- Found FastRTPS: /opt/ros/humble/include  
[5.568s] -- Using RMW implementation 'rmw_fastrtps_cpp' as default
[5.573s] -- Looking for pthread.h
[5.693s] -- Looking for pthread.h - found
[5.694s] -- Performing Test CMAKE_HAVE_LIBC_PTHREAD
[5.831s] -- Performing Test CMAKE_HAVE_LIBC_PTHREAD - Success
[5.832s] -- Found Threads: TRUE  
[5.870s] -- Found rclpy: 3.3.19 (/opt/ros/humble/share/rclpy/cmake)
[5.871s] -- Found cv_bridge: 3.2.1 (/opt/ros/humble/share/cv_bridge/cmake)
[5.904s] -- Found nav_msgs: 4.9.0 (/opt/ros/humble/share/nav_msgs/cmake)
[5.917s] -- Found visualization_msgs: 4.9.0 (/opt/ros/humble/share/visualization_msgs/cmake)
[5.933s] -- Found pcl_conversions: 2.4.5 (/opt/ros/humble/share/pcl_conversions/cmake)
[5.968s] -- Checking for module 'eigen3'
[5.981s] --   Found eigen3, version 3.4.0
[6.014s] -- Found Eigen: /usr/include/eigen3 (Required is at least version "3.1") 
[6.014s] -- Eigen found (include: /usr/include/eigen3, version: 3.4.0)
[8.077s] -- Checking for module 'flann'
[8.095s] --   Found flann, version 1.9.1
[8.568s] -- Found FLANN: /usr/lib/x86_64-linux-gnu/libflann_cpp.so  
[8.568s] -- FLANN found (include: /usr/include, lib: /usr/lib/x86_64-linux-gnu/libflann_cpp.so)
[13.555s] -- Checking for module 'libusb-1.0'
[13.569s] --   Found libusb-1.0, version 1.0.25
[13.696s] -- Found libusb: /usr/lib/x86_64-linux-gnu/libusb-1.0.so  
[13.696s] -- OpenNI found (version: 1.5.4.0, include: /usr/include/ni, lib: /usr/lib/libOpenNI.so;libusb::libusb)
[13.915s] -- OpenNI2 found (version: 2.2.0.33, include: /usr/include/openni2, lib: /usr/lib/x86_64-linux-gnu/libOpenNI2.so;libusb::libusb)
[15.464s] -- Eigen found (include: /usr/include/eigen3, version: 3.4.0)
[15.469s] -- OpenNI found (version: 1.5.4.0, include: /usr/include/ni, lib: /usr/lib/libOpenNI.so;libusb::libusb)
[15.474s] -- OpenNI2 found (version: 2.2.0.33, include: /usr/include/openni2, lib: /usr/lib/x86_64-linux-gnu/libOpenNI2.so;libusb::libusb)
[16.713s] -- Found Qhull version 8.0.2
[17.978s] -- OpenNI found (version: 1.5.4.0, include: /usr/include/ni, lib: /usr/lib/libOpenNI.so;libusb::libusb)
[19.639s] -- Found PCL_COMMON: /usr/lib/x86_64-linux-gnu/libpcl_common.so  
[19.640s] -- Found PCL_KDTREE: /usr/lib/x86_64-linux-gnu/libpcl_kdtree.so  
[19.640s] -- Found PCL_OCTREE: /usr/lib/x86_64-linux-gnu/libpcl_octree.so  
[19.641s] -- Found PCL_SEARCH: /usr/lib/x86_64-linux-gnu/libpcl_search.so  
[19.641s] -- Found PCL_SAMPLE_CONSENSUS: /usr/lib/x86_64-linux-gnu/libpcl_sample_consensus.so  
[19.642s] -- Found PCL_FILTERS: /usr/lib/x86_64-linux-gnu/libpcl_filters.so  
[19.642s] -- Found PCL_2D: /usr/include/pcl-1.12  
[19.643s] -- Found PCL_GEOMETRY: /usr/include/pcl-1.12  
[19.643s] -- Found PCL_IO: /usr/lib/x86_64-linux-gnu/libpcl_io.so  
[19.644s] -- Found PCL_FEATURES: /usr/lib/x86_64-linux-gnu/libpcl_features.so  
[19.645s] -- Found PCL_ML: /usr/lib/x86_64-linux-gnu/libpcl_ml.so  
[19.645s] -- Found PCL_SEGMENTATION: /usr/lib/x86_64-linux-gnu/libpcl_segmentation.so  
[19.646s] -- Found PCL_VISUALIZATION: /usr/lib/x86_64-linux-gnu/libpcl_visualization.so  
[19.646s] -- Found PCL_SURFACE: /usr/lib/x86_64-linux-gnu/libpcl_surface.so  
[19.647s] -- Found PCL_REGISTRATION: /usr/lib/x86_64-linux-gnu/libpcl_registration.so  
[19.648s] -- Found PCL_KEYPOINTS: /usr/lib/x86_64-linux-gnu/libpcl_keypoints.so  
[19.648s] -- Found PCL_TRACKING: /usr/lib/x86_64-linux-gnu/libpcl_tracking.so  
[19.649s] -- Found PCL_RECOGNITION: /usr/lib/x86_64-linux-gnu/libpcl_recognition.so  
[19.649s] -- Found PCL_STEREO: /usr/lib/x86_64-linux-gnu/libpcl_stereo.so  
[19.650s] -- Found PCL_APPS: /usr/lib/x86_64-linux-gnu/libpcl_apps.so  
[19.651s] -- Found PCL_IN_HAND_SCANNER: /usr/include/pcl-1.12  
[19.651s] -- Found PCL_MODELER: /usr/include/pcl-1.12  
[19.652s] -- Found PCL_POINT_CLOUD_EDITOR: /usr/include/pcl-1.12  
[19.652s] -- Found PCL_OUTOFCORE: /usr/lib/x86_64-linux-gnu/libpcl_outofcore.so  
[19.653s] -- Found PCL_PEOPLE: /usr/lib/x86_64-linux-gnu/libpcl_people.so  
[19.655s] -- Found tf2: 0.25.18 (/opt/ros/humble/share/tf2/cmake)
[19.662s] -- Found tf2_geometry_msgs: 0.25.18 (/opt/ros/humble/share/tf2_geometry_msgs/cmake)
[19.700s] -- Found eigen3_cmake_module: 0.1.1 (/opt/ros/humble/share/eigen3_cmake_module/cmake)
[19.701s] -- Found Eigen3: TRUE (found version "3.4.0") 
[19.701s] -- Ensuring Eigen3 include directory is part of orocos-kdl CMake target
[19.766s] -- Found tf2_sensor_msgs: 0.25.18 (/opt/ros/humble/share/tf2_sensor_msgs/cmake)
[19.773s] -- Found tf2_eigen: 0.25.18 (/opt/ros/humble/share/tf2_eigen/cmake)
[19.780s] -- Found OpenCV: /usr (found version "4.5.4") 
[19.780s] CMake Warning (dev) at CMakeLists.txt:29 (find_package):
[19.780s]   Policy CMP0074 is not set: find_package uses <PackageName>_ROOT variables.
[19.780s]   Run "cmake --help-policy CMP0074" for policy details.  Use the cmake_policy
[19.780s]   command to set the policy and suppress this warning.
[19.781s] 
[19.781s]   CMake variable PCL_ROOT is set to:
[19.781s] 
[19.781s]     /usr
[19.781s] 
[19.781s]   For compatibility, CMake is ignoring the variable.
[19.781s] This warning is for project developers.  Use -Wno-dev to suppress it.
[19.781s] 
[19.803s] -- Found Boost: /usr/lib/x86_64-linux-gnu/cmake/Boost-1.74.0/BoostConfig.cmake (found suitable version "1.74.0", minimum required is "1.70") found components: serialization filesystem thread program_options date_time timer chrono regex 
[19.805s] -- GTSAM include directory:  /usr/local/lib/cmake/GTSAM/../../../include
[19.810s] -- Found Eigen: /usr/include/eigen3  
[19.810s] -- Eigen found (include: /usr/include/eigen3, version: 3.4.0)
[20.200s] -- Found OpenMP_C: -fopenmp (found version "4.5") 
[20.322s] -- Found OpenMP_CXX: -fopenmp (found version "4.5") 
[20.322s] -- Found OpenMP: TRUE (found version "4.5")  
[20.588s] -- Found ament_cmake_ros: 0.10.0 (/opt/ros/humble/share/ament_cmake_ros/cmake)
[20.830s] -- Using all available rosidl_typesupport_c: rosidl_typesupport_fastrtps_c;rosidl_typesupport_introspection_c
[21.304s] -- Using all available rosidl_typesupport_cpp: rosidl_typesupport_fastrtps_cpp;rosidl_typesupport_introspection_cpp
[21.470s] -- Found PythonInterp: /usr/bin/python3 (found suitable version "3.10.12", minimum required is "3.6") 
[21.471s] -- Found python_cmake_module: 0.10.0 (/opt/ros/humble/share/python_cmake_module/cmake)
[21.935s] -- Found PythonLibs: /usr/lib/x86_64-linux-gnu/libpython3.10.so (found suitable version "3.10.12", minimum required is "3.5") 
[21.935s] -- Using PYTHON_EXECUTABLE: /usr/bin/python3
[21.935s] -- Using PYTHON_INCLUDE_DIRS: /usr/include/python3.10
[21.935s] -- Using PYTHON_LIBRARIES: /usr/lib/x86_64-linux-gnu/libpython3.10.so
[21.958s] -- Found PythonExtra: .so  
[22.166s] -- Found ament_lint_auto: 0.12.14 (/opt/ros/humble/share/ament_lint_auto/cmake)
[22.193s] -- Added test 'copyright' to check source files copyright and LICENSE
[22.197s] -- Added test 'cppcheck' to perform static code analysis on C / C++ code
[22.199s] -- Configured cppcheck include dirs: /home/tukorea/ros2_ws/src/SLAM/LIO-SAM/livox_lio_sam/include/livox_lio_sam
[22.199s] -- Configured cppcheck exclude dirs and/or files: 
[22.202s] -- Added test 'cpplint' to check C / C++ code against the Google style
[22.202s] -- Configured cpplint exclude dirs and/or files: 
[22.203s] -- Added test 'flake8' to check Python code syntax and style conventions
[22.204s] -- Added test 'lint_cmake' to check CMake code style
[22.205s] -- Added test 'pep257' to check Python code against some of the docstring style conventions in PEP 257
[22.209s] -- Added test 'uncrustify' to check C / C++ code style
[22.209s] -- Configured uncrustify additional arguments: 
[22.211s] -- Added test 'xmllint' to check XML markup files
[22.213s] -- Configuring done
[22.433s] -- Generating done
[22.489s] -- Build files have been written to: /home/tukorea/ros2_ws/build/livox_lio_sam
[22.530s] Invoked command in '/home/tukorea/ros2_ws/build/livox_lio_sam' returned '0': CMAKE_PREFIX_PATH=/opt/ros/humble /usr/bin/cmake /home/tukorea/ros2_ws/src/SLAM/LIO-SAM/livox_lio_sam -DCMAKE_INSTALL_PREFIX=/home/tukorea/ros2_ws/install/livox_lio_sam
[22.533s] Invoking command in '/home/tukorea/ros2_ws/build/livox_lio_sam': CMAKE_PREFIX_PATH=/opt/ros/humble /usr/bin/cmake --build /home/tukorea/ros2_ws/build/livox_lio_sam -- -j28 -l28
[22.590s] [  1%] Generating C code for ROS interfaces
[22.599s] [  3%] Generating C++ code for ROS interfaces
[22.617s] [  3%] Built target ament_cmake_python_copy_livox_lio_sam
[22.910s] running egg_info
[22.911s] creating livox_lio_sam.egg-info
[22.911s] writing livox_lio_sam.egg-info/PKG-INFO
[22.912s] writing dependency_links to livox_lio_sam.egg-info/dependency_links.txt
[22.912s] writing top-level names to livox_lio_sam.egg-info/top_level.txt
[22.912s] writing manifest file 'livox_lio_sam.egg-info/SOURCES.txt'
[22.914s] reading manifest file 'livox_lio_sam.egg-info/SOURCES.txt'
[22.915s] writing manifest file 'livox_lio_sam.egg-info/SOURCES.txt'
[22.947s] [  3%] Built target ament_cmake_python_build_livox_lio_sam_egg
[23.248s] [  3%] Built target livox_lio_sam__cpp
[23.257s] [  5%] Building C object CMakeFiles/livox_lio_sam__rosidl_generator_c.dir/rosidl_generator_c/livox_lio_sam/msg/detail/cloud_info__functions.c.o
[23.258s] [  7%] Building C object CMakeFiles/livox_lio_sam__rosidl_generator_c.dir/rosidl_generator_c/livox_lio_sam/srv/detail/reset__functions.c.o
[23.258s] [  9%] Generating C++ type support dispatch for ROS interfaces
[23.258s] [ 10%] Generating C++ type support for eProsima Fast-RTPS
[23.260s] [ 12%] Building C object CMakeFiles/livox_lio_sam__rosidl_generator_c.dir/rosidl_generator_c/livox_lio_sam/srv/detail/save_map__functions.c.o
[23.261s] [ 14%] Generating C++ introspection for ROS interfaces
[23.434s] [ 16%] Linking C shared library liblivox_lio_sam__rosidl_generator_c.so
[23.586s] [ 16%] Built target livox_lio_sam__rosidl_generator_c
[23.600s] [ 20%] Generating C type support dispatch for ROS interfaces
[23.600s] [ 20%] Generating C type support for eProsima Fast-RTPS
[23.601s] [ 21%] Generating C introspection for ROS interfaces
[23.736s] [ 23%] Building CXX object CMakeFiles/livox_lio_sam__rosidl_typesupport_cpp.dir/rosidl_typesupport_cpp/livox_lio_sam/srv/reset__type_support.cpp.o
[23.736s] [ 25%] Building CXX object CMakeFiles/livox_lio_sam__rosidl_typesupport_cpp.dir/rosidl_typesupport_cpp/livox_lio_sam/srv/save_map__type_support.cpp.o
[23.738s] [ 27%] Building CXX object CMakeFiles/livox_lio_sam__rosidl_typesupport_cpp.dir/rosidl_typesupport_cpp/livox_lio_sam/msg/cloud_info__type_support.cpp.o
[23.798s] [ 29%] Building CXX object CMakeFiles/livox_lio_sam__rosidl_typesupport_introspection_cpp.dir/rosidl_typesupport_introspection_cpp/livox_lio_sam/msg/detail/cloud_info__type_support.cpp.o
[23.798s] [ 30%] Building CXX object CMakeFiles/livox_lio_sam__rosidl_typesupport_introspection_cpp.dir/rosidl_typesupport_introspection_cpp/livox_lio_sam/srv/detail/reset__type_support.cpp.o
[23.799s] [ 32%] Building CXX object CMakeFiles/livox_lio_sam__rosidl_typesupport_introspection_cpp.dir/rosidl_typesupport_introspection_cpp/livox_lio_sam/srv/detail/save_map__type_support.cpp.o
[23.867s] [ 36%] Building CXX object CMakeFiles/livox_lio_sam__rosidl_typesupport_fastrtps_cpp.dir/rosidl_typesupport_fastrtps_cpp/livox_lio_sam/srv/detail/dds_fastrtps/save_map__type_support.cpp.o
[23.868s] [ 36%] Building CXX object CMakeFiles/livox_lio_sam__rosidl_typesupport_fastrtps_cpp.dir/rosidl_typesupport_fastrtps_cpp/livox_lio_sam/msg/detail/dds_fastrtps/cloud_info__type_support.cpp.o
[23.868s] [ 38%] Building CXX object CMakeFiles/livox_lio_sam__rosidl_typesupport_fastrtps_cpp.dir/rosidl_typesupport_fastrtps_cpp/livox_lio_sam/srv/detail/dds_fastrtps/reset__type_support.cpp.o
[24.164s] [ 40%] Building CXX object CMakeFiles/livox_lio_sam__rosidl_typesupport_c.dir/rosidl_typesupport_c/livox_lio_sam/srv/save_map__type_support.cpp.o
[24.165s] [ 41%] Building CXX object CMakeFiles/livox_lio_sam__rosidl_typesupport_c.dir/rosidl_typesupport_c/livox_lio_sam/msg/cloud_info__type_support.cpp.o
[24.165s] [ 43%] Building CXX object CMakeFiles/livox_lio_sam__rosidl_typesupport_c.dir/rosidl_typesupport_c/livox_lio_sam/srv/reset__type_support.cpp.o
[24.207s] [ 45%] Linking CXX shared library liblivox_lio_sam__rosidl_typesupport_cpp.so
[24.222s] [ 47%] Linking CXX shared library liblivox_lio_sam__rosidl_typesupport_c.so
[24.246s] [ 49%] Building C object CMakeFiles/livox_lio_sam__rosidl_typesupport_introspection_c.dir/rosidl_typesupport_introspection_c/livox_lio_sam/srv/detail/reset__type_support.c.o
[24.246s] [ 50%] Building C object CMakeFiles/livox_lio_sam__rosidl_typesupport_introspection_c.dir/rosidl_typesupport_introspection_c/livox_lio_sam/srv/detail/save_map__type_support.c.o
[24.246s] [ 52%] Building C object CMakeFiles/livox_lio_sam__rosidl_typesupport_introspection_c.dir/rosidl_typesupport_introspection_c/livox_lio_sam/msg/detail/cloud_info__type_support.c.o
[24.273s] [ 54%] Building CXX object CMakeFiles/livox_lio_sam__rosidl_typesupport_fastrtps_c.dir/rosidl_typesupport_fastrtps_c/livox_lio_sam/msg/detail/cloud_info__type_support_c.cpp.o
[24.275s] [ 58%] Building CXX object CMakeFiles/livox_lio_sam__rosidl_typesupport_fastrtps_c.dir/rosidl_typesupport_fastrtps_c/livox_lio_sam/srv/detail/save_map__type_support_c.cpp.o
[24.275s] [ 58%] Building CXX object CMakeFiles/livox_lio_sam__rosidl_typesupport_fastrtps_c.dir/rosidl_typesupport_fastrtps_c/livox_lio_sam/srv/detail/reset__type_support_c.cpp.o
[24.357s] [ 60%] Linking C shared library liblivox_lio_sam__rosidl_typesupport_introspection_c.so
[24.383s] [ 60%] Built target livox_lio_sam__rosidl_typesupport_c
[24.385s] [ 60%] Built target livox_lio_sam__rosidl_typesupport_cpp
[24.417s] [ 61%] Building CXX object CMakeFiles/livox_lio_sam_mapOptimization.dir/src/mapOptmization.cpp.o
[24.417s] [ 65%] Building CXX object CMakeFiles/livox_lio_sam_featureExtraction.dir/src/featureExtraction.cpp.o
[24.417s] [ 65%] Building CXX object CMakeFiles/livox_lio_sam_imuPreintegration.dir/src/imuPreintegration.cpp.o
[24.417s] [ 67%] Building CXX object CMakeFiles/livox_lio_sam_imageProjection.dir/src/imageProjection.cpp.o
[24.536s] [ 67%] Built target livox_lio_sam__rosidl_typesupport_introspection_c
[24.627s] [ 69%] Linking CXX shared library liblivox_lio_sam__rosidl_typesupport_introspection_cpp.so
[24.718s] [ 70%] Linking CXX shared library liblivox_lio_sam__rosidl_typesupport_fastrtps_cpp.so
[24.847s] [ 70%] Built target livox_lio_sam__rosidl_typesupport_introspection_cpp
[24.856s] [ 72%] Linking CXX shared library liblivox_lio_sam__rosidl_typesupport_fastrtps_c.so
[24.960s] [ 72%] Built target livox_lio_sam__rosidl_typesupport_fastrtps_cpp
[25.072s] [ 72%] Built target livox_lio_sam__rosidl_typesupport_fastrtps_c
[25.105s] [ 72%] Built target livox_lio_sam
[25.134s] [ 74%] Generating Python code for ROS interfaces
[26.047s] [ 74%] Built target livox_lio_sam__py
[26.076s] [ 76%] Building C object CMakeFiles/livox_lio_sam__rosidl_generator_py.dir/rosidl_generator_py/livox_lio_sam/srv/_reset_s.c.o
[26.077s] [ 80%] Building C object CMakeFiles/livox_lio_sam__rosidl_generator_py.dir/rosidl_generator_py/livox_lio_sam/srv/_save_map_s.c.o
[26.077s] [ 80%] Building C object CMakeFiles/livox_lio_sam__rosidl_generator_py.dir/rosidl_generator_py/livox_lio_sam/msg/_cloud_info_s.c.o
[26.384s] [ 81%] Linking C shared library rosidl_generator_py/livox_lio_sam/liblivox_lio_sam__rosidl_generator_py.so
[26.531s] [ 81%] Built target livox_lio_sam__rosidl_generator_py
[26.555s] [ 83%] Building C object CMakeFiles/livox_lio_sam__rosidl_typesupport_fastrtps_c__pyext.dir/rosidl_generator_py/livox_lio_sam/_livox_lio_sam_s.ep.rosidl_typesupport_fastrtps_c.c.o
[26.558s] [ 85%] Building C object CMakeFiles/livox_lio_sam__rosidl_typesupport_introspection_c__pyext.dir/rosidl_generator_py/livox_lio_sam/_livox_lio_sam_s.ep.rosidl_typesupport_introspection_c.c.o
[26.558s] [ 87%] Building C object CMakeFiles/livox_lio_sam__rosidl_typesupport_c__pyext.dir/rosidl_generator_py/livox_lio_sam/_livox_lio_sam_s.ep.rosidl_typesupport_c.c.o
[26.751s] [ 89%] Linking C shared library rosidl_generator_py/livox_lio_sam/livox_lio_sam_s__rosidl_typesupport_c.cpython-310-x86_64-linux-gnu.so
[26.770s] [ 90%] Linking C shared library rosidl_generator_py/livox_lio_sam/livox_lio_sam_s__rosidl_typesupport_fastrtps_c.cpython-310-x86_64-linux-gnu.so
[26.777s] [ 92%] Linking C shared library rosidl_generator_py/livox_lio_sam/livox_lio_sam_s__rosidl_typesupport_introspection_c.cpython-310-x86_64-linux-gnu.so
[26.902s] [ 92%] Built target livox_lio_sam__rosidl_typesupport_c__pyext
[26.910s] [ 92%] Built target livox_lio_sam__rosidl_typesupport_introspection_c__pyext
[26.910s] [ 92%] Built target livox_lio_sam__rosidl_typesupport_fastrtps_c__pyext
[27.515s] In file included from /home/tukorea/ros2_ws/src/SLAM/LIO-SAM/livox_lio_sam/src/imuPreintegration.cpp:18:
[27.515s] /usr/local/include/gtsam_unstable/nonlinear/IncrementalFixedLagSmoother.h:17:2: warning: #warning "IncrementalFixedLagSmoother was moved to the gtsam/nonlinear directory" [-Wcpp]
[27.515s]    17 | #warning "IncrementalFixedLagSmoother was moved to the gtsam/nonlinear directory"
[27.515s]       |  ^~~~~~~
[41.882s] /home/tukorea/ros2_ws/src/SLAM/LIO-SAM/livox_lio_sam/src/imuPreintegration.cpp: In constructor ‘IMUPreintegration::IMUPreintegration(const rclcpp::NodeOptions&)’:
[41.882s] /home/tukorea/ros2_ws/src/SLAM/LIO-SAM/livox_lio_sam/src/imuPreintegration.cpp:252:100: error: conversion from ‘std::shared_ptr<gtsam::PreintegrationParams>’ to non-scalar type ‘boost::shared_ptr<gtsam::PreintegrationParams>’ requested
[41.882s]   252 |         boost::shared_ptr<gtsam::PreintegrationParams> p = gtsam::PreintegrationParams::MakeSharedU(imuGravity);
[41.882s]       |                                                            ~~~~~~~~~~~~~~~~~~~~~~~~~~~~~~~~~~~~~~~~^~~~~~~~~~~~
[41.885s] /home/tukorea/ros2_ws/src/SLAM/LIO-SAM/livox_lio_sam/src/imuPreintegration.cpp:265:86: error: no matching function for call to ‘gtsam::PreintegratedImuMeasurementsT<gtsam::TangentPreintegration>::PreintegratedImuMeasurementsT(boost::shared_ptr<gtsam::PreintegrationParams>&, gtsam::imuBias::ConstantBias&)’
[41.885s]   265 |         imuIntegratorImu_ = new gtsam::PreintegratedImuMeasurements(p, prior_imu_bias); // setting up the IMU integration for IMU message thread
[41.886s]       |                                                                                      ^
[41.887s] In file included from /home/tukorea/ros2_ws/src/SLAM/LIO-SAM/livox_lio_sam/src/imuPreintegration.cpp:9:
[41.887s] /usr/local/include/gtsam/navigation/ImuFactor.h:106:3: note: candidate: ‘gtsam::PreintegratedImuMeasurementsT<PreintegrationType>::PreintegratedImuMeasurementsT(const PreintegrationType&, const Matrix9&) [with PreintegrationType = gtsam::TangentPreintegration; gtsam::Matrix9 = Eigen::Matrix<double, 9, 9, 0, 9, 9>]’
[41.887s]   106 |   PreintegratedImuMeasurementsT(const PreintegrationType& base, const Matrix9& preintMeasCov)
[41.887s]       |   ^~~~~~~~~~~~~~~~~~~~~~~~~~~~~
[41.887s] /usr/local/include/gtsam/navigation/ImuFactor.h:106:59: note:   no known conversion for argument 1 from ‘boost::shared_ptr<gtsam::PreintegrationParams>’ to ‘const gtsam::TangentPreintegration&’
[41.887s]   106 |   PreintegratedImuMeasurementsT(const PreintegrationType& base, const Matrix9& preintMeasCov)
[41.887s]       |                                 ~~~~~~~~~~~~~~~~~~~~~~~~~~^~~~
[41.888s] /usr/local/include/gtsam/navigation/ImuFactor.h:95:3: note: candidate: ‘gtsam::PreintegratedImuMeasurementsT<PreintegrationType>::PreintegratedImuMeasurementsT(const std::shared_ptr<gtsam::PreintegrationParams>&, const gtsam::imuBias::ConstantBias&) [with PreintegrationType = gtsam::TangentPreintegration]’
[41.888s]    95 |   PreintegratedImuMeasurementsT(const std::shared_ptr<PreintegrationParams>& p,
[41.888s]       |   ^~~~~~~~~~~~~~~~~~~~~~~~~~~~~
[41.888s] /usr/local/include/gtsam/navigation/ImuFactor.h:95:78: note:   no known conversion for argument 1 from ‘boost::shared_ptr<gtsam::PreintegrationParams>’ to ‘const std::shared_ptr<gtsam::PreintegrationParams>&’
[41.888s]    95 |   PreintegratedImuMeasurementsT(const std::shared_ptr<PreintegrationParams>& p,
[41.888s]       |                                 ~~~~~~~~~~~~~~~~~~~~~~~~~~~~~~~~~~~~~~~~~~~~~^
[41.888s] /usr/local/include/gtsam/navigation/ImuFactor.h:86:3: note: candidate: ‘gtsam::PreintegratedImuMeasurementsT<PreintegrationType>::PreintegratedImuMeasurementsT() [with PreintegrationType = gtsam::TangentPreintegration]’
[41.888s]    86 |   PreintegratedImuMeasurementsT() {
[41.888s]       |   ^~~~~~~~~~~~~~~~~~~~~~~~~~~~~
[41.891s] /usr/local/include/gtsam/navigation/ImuFactor.h:86:3: note:   candidate expects 0 arguments, 2 provided
[41.891s] /usr/local/include/gtsam/navigation/ImuFactor.h:73:20: note: candidate: ‘gtsam::PreintegratedImuMeasurementsT<gtsam::TangentPreintegration>::PreintegratedImuMeasurementsT(const gtsam::PreintegratedImuMeasurementsT<gtsam::TangentPreintegration>&)’
[41.891s]    73 | class GTSAM_EXPORT PreintegratedImuMeasurementsT: public PreintegrationType {
[41.891s]       |                    ^~~~~~~~~~~~~~~~~~~~~~~~~~~~~
[41.891s] /usr/local/include/gtsam/navigation/ImuFactor.h:73:20: note:   candidate expects 1 argument, 2 provided
[41.891s] /home/tukorea/ros2_ws/src/SLAM/LIO-SAM/livox_lio_sam/src/imuPreintegration.cpp:266:86: error: no matching function for call to ‘gtsam::PreintegratedImuMeasurementsT<gtsam::TangentPreintegration>::PreintegratedImuMeasurementsT(boost::shared_ptr<gtsam::PreintegrationParams>&, gtsam::imuBias::ConstantBias&)’
[41.891s]   266 |         imuIntegratorOpt_ = new gtsam::PreintegratedImuMeasurements(p, prior_imu_bias); // setting up the IMU integration for optimization
[41.891s]       |                                                                                      ^
[41.891s] In file included from /home/tukorea/ros2_ws/src/SLAM/LIO-SAM/livox_lio_sam/src/imuPreintegration.cpp:9:
[41.891s] /usr/local/include/gtsam/navigation/ImuFactor.h:106:3: note: candidate: ‘gtsam::PreintegratedImuMeasurementsT<PreintegrationType>::PreintegratedImuMeasurementsT(const PreintegrationType&, const Matrix9&) [with PreintegrationType = gtsam::TangentPreintegration; gtsam::Matrix9 = Eigen::Matrix<double, 9, 9, 0, 9, 9>]’
[41.891s]   106 |   PreintegratedImuMeasurementsT(const PreintegrationType& base, const Matrix9& preintMeasCov)
[41.891s]       |   ^~~~~~~~~~~~~~~~~~~~~~~~~~~~~
[41.891s] /usr/local/include/gtsam/navigation/ImuFactor.h:106:59: note:   no known conversion for argument 1 from ‘boost::shared_ptr<gtsam::PreintegrationParams>’ to ‘const gtsam::TangentPreintegration&’
[41.891s]   106 |   PreintegratedImuMeasurementsT(const PreintegrationType& base, const Matrix9& preintMeasCov)
[41.891s]       |                                 ~~~~~~~~~~~~~~~~~~~~~~~~~~^~~~
[41.891s] /usr/local/include/gtsam/navigation/ImuFactor.h:95:3: note: candidate: ‘gtsam::PreintegratedImuMeasurementsT<PreintegrationType>::PreintegratedImuMeasurementsT(const std::shared_ptr<gtsam::PreintegrationParams>&, const gtsam::imuBias::ConstantBias&) [with PreintegrationType = gtsam::TangentPreintegration]’
[41.891s]    95 |   PreintegratedImuMeasurementsT(const std::shared_ptr<PreintegrationParams>& p,
[41.891s]       |   ^~~~~~~~~~~~~~~~~~~~~~~~~~~~~
[41.892s] /usr/local/include/gtsam/navigation/ImuFactor.h:95:78: note:   no known conversion for argument 1 from ‘boost::shared_ptr<gtsam::PreintegrationParams>’ to ‘const std::shared_ptr<gtsam::PreintegrationParams>&’
[41.892s]    95 |   PreintegratedImuMeasurementsT(const std::shared_ptr<PreintegrationParams>& p,
[41.892s]       |                                 ~~~~~~~~~~~~~~~~~~~~~~~~~~~~~~~~~~~~~~~~~~~~~^
[41.892s] /usr/local/include/gtsam/navigation/ImuFactor.h:86:3: note: candidate: ‘gtsam::PreintegratedImuMeasurementsT<PreintegrationType>::PreintegratedImuMeasurementsT() [with PreintegrationType = gtsam::TangentPreintegration]’
[41.892s]    86 |   PreintegratedImuMeasurementsT() {
[41.892s]       |   ^~~~~~~~~~~~~~~~~~~~~~~~~~~~~
[41.892s] /usr/local/include/gtsam/navigation/ImuFactor.h:86:3: note:   candidate expects 0 arguments, 2 provided
[41.892s] /usr/local/include/gtsam/navigation/ImuFactor.h:73:20: note: candidate: ‘gtsam::PreintegratedImuMeasurementsT<gtsam::TangentPreintegration>::PreintegratedImuMeasurementsT(const gtsam::PreintegratedImuMeasurementsT<gtsam::TangentPreintegration>&)’
[41.892s]    73 | class GTSAM_EXPORT PreintegratedImuMeasurementsT: public PreintegrationType {
[41.892s]       |                    ^~~~~~~~~~~~~~~~~~~~~~~~~~~~~
[41.892s] /usr/local/include/gtsam/navigation/ImuFactor.h:73:20: note:   candidate expects 1 argument, 2 provided
[210.330s] c++: fatal error: Killed signal terminated program cc1plus
[210.331s] compilation terminated.
[210.335s] gmake[2]: *** [CMakeFiles/livox_lio_sam_mapOptimization.dir/build.make:76: CMakeFiles/livox_lio_sam_mapOptimization.dir/src/mapOptmization.cpp.o] Error 1
[210.352s] gmake[1]: *** [CMakeFiles/Makefile2:680: CMakeFiles/livox_lio_sam_mapOptimization.dir/all] Error 2
[210.353s] gmake[1]: *** Waiting for unfinished jobs....
[219.007s] [ 94%] Linking CXX executable livox_lio_sam_featureExtraction
[219.658s] gmake[2]: *** [CMakeFiles/livox_lio_sam_imuPreintegration.dir/build.make:76: CMakeFiles/livox_lio_sam_imuPreintegration.dir/src/imuPreintegration.cpp.o] Error 1
[219.665s] gmake[1]: *** [CMakeFiles/Makefile2:653: CMakeFiles/livox_lio_sam_imuPreintegration.dir/all] Error 2
[219.884s] [ 94%] Built target livox_lio_sam_featureExtraction
[225.442s] [ 96%] Linking CXX executable livox_lio_sam_imageProjection
[225.941s] [ 96%] Built target livox_lio_sam_imageProjection
[225.949s] gmake: *** [Makefile:146: all] Error 2
[226.040s] Invoked command in '/home/tukorea/ros2_ws/build/livox_lio_sam' returned '2': CMAKE_PREFIX_PATH=/opt/ros/humble /usr/bin/cmake --build /home/tukorea/ros2_ws/build/livox_lio_sam -- -j28 -l28
