[0.010s] Invoking command in '/home/tukorea/ros2_ws/build/dss_ros2_bridge': CMAKE_PREFIX_PATH=/opt/ros/humble /usr/bin/cmake /home/tukorea/ros2_ws/src/dss_ros2_bridge/dss_ros2_bridge -DAMENT_CMAKE_SYMLINK_INSTALL=1 -DCMAKE_INSTALL_PREFIX=/home/tukorea/ros2_ws/install/dss_ros2_bridge
[0.136s] -- The C compiler identification is GNU 11.4.0
[0.679s] -- The CXX compiler identification is GNU 11.4.0
[0.824s] -- Detecting C compiler ABI info
[0.893s] -- Detecting C compiler ABI info - done
[0.897s] -- Check for working C compiler: /usr/bin/cc - skipped
[0.897s] -- Detecting C compile features
[0.897s] -- Detecting C compile features - done
[0.900s] -- Detecting CXX compiler ABI info
[1.015s] -- Detecting CXX compiler ABI info - done
[1.019s] -- Check for working CXX compiler: /usr/bin/c++ - skipped
[1.019s] -- Detecting CXX compile features
[1.019s] -- Detecting CXX compile features - done
[1.024s] -- Found ament_cmake: 1.3.12 (/opt/ros/humble/share/ament_cmake/cmake)
[1.097s] -- Found Python3: /usr/bin/python3 (found version "3.10.12") found components: Interpreter 
[1.134s] -- Override CMake install command with custom implementation using symlinks instead of copying resources
[1.154s] -- Found rclcpp: 16.0.17 (/opt/ros/humble/share/rclcpp/cmake)
[1.277s] -- Found rosidl_generator_c: 3.1.8 (/opt/ros/humble/share/rosidl_generator_c/cmake)
[1.281s] -- Found rosidl_adapter: 3.1.8 (/opt/ros/humble/share/rosidl_adapter/cmake)
[1.288s] -- Found rosidl_generator_cpp: 3.1.8 (/opt/ros/humble/share/rosidl_generator_cpp/cmake)
[1.297s] -- Using all available rosidl_typesupport_c: rosidl_typesupport_fastrtps_c;rosidl_typesupport_introspection_c
[1.310s] -- Using all available rosidl_typesupport_cpp: rosidl_typesupport_fastrtps_cpp;rosidl_typesupport_introspection_cpp
[1.345s] -- Found rmw_implementation_cmake: 6.1.2 (/opt/ros/humble/share/rmw_implementation_cmake/cmake)
[1.348s] -- Found rmw_fastrtps_cpp: 6.2.9 (/opt/ros/humble/share/rmw_fastrtps_cpp/cmake)
[2.006s] -- Found OpenSSL: /usr/lib/x86_64-linux-gnu/libcrypto.so (found version "3.0.2")  
[2.777s] -- Found FastRTPS: /opt/ros/humble/include  
[4.367s] -- Using RMW implementation 'rmw_fastrtps_cpp' as default
[4.384s] -- Looking for pthread.h
[4.488s] -- Looking for pthread.h - found
[4.488s] -- Performing Test CMAKE_HAVE_LIBC_PTHREAD
[4.558s] -- Performing Test CMAKE_HAVE_LIBC_PTHREAD - Success
[4.559s] -- Found Threads: TRUE  
[4.599s] -- Found rclpy: 3.3.19 (/opt/ros/humble/share/rclpy/cmake)
[4.600s] -- Found cv_bridge: 3.2.1 (/opt/ros/humble/share/cv_bridge/cmake)
[4.631s] -- Found nav_msgs: 4.9.0 (/opt/ros/humble/share/nav_msgs/cmake)
[4.642s] -- Found visualization_msgs: 4.9.0 (/opt/ros/humble/share/visualization_msgs/cmake)
[4.656s] -- Found OpenCV: /usr (found version "4.5.4") 
[4.878s] -- Found Protobuf: /usr/local/lib/libprotobuf.so (found suitable version "3.15.8", minimum required is "3.15") 
[4.880s] -- Found rosidl_default_generators: 1.2.0 (/opt/ros/humble/share/rosidl_default_generators/cmake)
[5.027s] -- Found ament_cmake_ros: 0.10.0 (/opt/ros/humble/share/ament_cmake_ros/cmake)
[5.183s] -- Using all available rosidl_typesupport_c: rosidl_typesupport_fastrtps_c;rosidl_typesupport_introspection_c
[5.241s] -- Using all available rosidl_typesupport_cpp: rosidl_typesupport_fastrtps_cpp;rosidl_typesupport_introspection_cpp
[5.304s] -- Found PythonInterp: /usr/bin/python3 (found suitable version "3.10.12", minimum required is "3.6") 
[5.308s] -- Found python_cmake_module: 0.10.0 (/opt/ros/humble/share/python_cmake_module/cmake)
[5.549s] -- Found PythonLibs: /usr/lib/x86_64-linux-gnu/libpython3.10.so (found suitable version "3.10.12", minimum required is "3.5") 
[5.549s] -- Using PYTHON_EXECUTABLE: /usr/bin/python3
[5.549s] -- Using PYTHON_INCLUDE_DIRS: /usr/include/python3.10
[5.549s] -- Using PYTHON_LIBRARIES: /usr/lib/x86_64-linux-gnu/libpython3.10.so
[5.560s] -- Found PythonExtra: .so  
[5.606s] -- Configuring done
[5.642s] -- Generating done
[5.652s] -- Build files have been written to: /home/tukorea/ros2_ws/build/dss_ros2_bridge
[5.661s] Invoked command in '/home/tukorea/ros2_ws/build/dss_ros2_bridge' returned '0': CMAKE_PREFIX_PATH=/opt/ros/humble /usr/bin/cmake /home/tukorea/ros2_ws/src/dss_ros2_bridge/dss_ros2_bridge -DAMENT_CMAKE_SYMLINK_INSTALL=1 -DCMAKE_INSTALL_PREFIX=/home/tukorea/ros2_ws/install/dss_ros2_bridge
[5.661s] Invoking command in '/home/tukorea/ros2_ws/build/dss_ros2_bridge': CMAKE_PREFIX_PATH=/opt/ros/humble /usr/bin/cmake --build /home/tukorea/ros2_ws/build/dss_ros2_bridge -- -j28 -l28
[5.680s] [  1%] [34m[1mGenerating C code for ROS interfaces[0m
[5.684s] [  3%] [34m[1mGenerating C++ code for ROS interfaces[0m
[5.688s] [  3%] Built target ament_cmake_python_symlink_dss_ros2_bridge
[5.799s] running egg_info
[5.799s] creating dss_ros2_bridge.egg-info
[5.800s] writing dss_ros2_bridge.egg-info/PKG-INFO
[5.800s] writing dependency_links to dss_ros2_bridge.egg-info/dependency_links.txt
[5.800s] writing top-level names to dss_ros2_bridge.egg-info/top_level.txt
[5.800s] writing manifest file 'dss_ros2_bridge.egg-info/SOURCES.txt'
[5.801s] reading manifest file 'dss_ros2_bridge.egg-info/SOURCES.txt'
[5.802s] writing manifest file 'dss_ros2_bridge.egg-info/SOURCES.txt'
[5.802s] [  3%] Built target dss_ros2_bridge__cpp
[5.803s] [  5%] [32mBuilding C object CMakeFiles/dss_ros2_bridge__rosidl_generator_c.dir/rosidl_generator_c/dss_ros2_bridge/msg/detail/dss_control__functions.c.o[0m
[5.806s] [  8%] [34m[1mGenerating C++ type support for eProsima Fast-RTPS[0m
[5.807s] [  8%] [34m[1mGenerating C++ type support dispatch for ROS interfaces[0m
[5.807s] [ 10%] [34m[1mGenerating C++ introspection for ROS interfaces[0m
[5.815s] [ 10%] Built target ament_cmake_python_build_dss_ros2_bridge_egg
[5.835s] [ 12%] [32m[1mLinking C shared library libdss_ros2_bridge__rosidl_generator_c.so[0m
[5.886s] [ 12%] Built target dss_ros2_bridge__rosidl_generator_c
[5.891s] [ 17%] [34m[1mGenerating C type support for eProsima Fast-RTPS[0m
[5.891s] [ 17%] [34m[1mGenerating C introspection for ROS interfaces[0m
[5.891s] [ 17%] [34m[1mGenerating C type support dispatch for ROS interfaces[0m
[5.908s] [ 19%] [32mBuilding CXX object CMakeFiles/dss_ros2_bridge__rosidl_typesupport_cpp.dir/rosidl_typesupport_cpp/dss_ros2_bridge/msg/dss_control__type_support.cpp.o[0m
[5.917s] [ 21%] [32mBuilding CXX object CMakeFiles/dss_ros2_bridge__rosidl_typesupport_introspection_cpp.dir/rosidl_typesupport_introspection_cpp/dss_ros2_bridge/msg/detail/dss_control__type_support.cpp.o[0m
[5.922s] [ 23%] [32mBuilding CXX object CMakeFiles/dss_ros2_bridge__rosidl_typesupport_fastrtps_cpp.dir/rosidl_typesupport_fastrtps_cpp/dss_ros2_bridge/msg/detail/dds_fastrtps/dss_control__type_support.cpp.o[0m
[5.998s] [ 25%] [32mBuilding CXX object CMakeFiles/dss_ros2_bridge__rosidl_typesupport_c.dir/rosidl_typesupport_c/dss_ros2_bridge/msg/dss_control__type_support.cpp.o[0m
[6.008s] [ 26%] [32mBuilding CXX object CMakeFiles/dss_ros2_bridge__rosidl_typesupport_fastrtps_c.dir/rosidl_typesupport_fastrtps_c/dss_ros2_bridge/msg/detail/dss_control__type_support_c.cpp.o[0m
[6.011s] [ 28%] [32mBuilding C object CMakeFiles/dss_ros2_bridge__rosidl_typesupport_introspection_c.dir/rosidl_typesupport_introspection_c/dss_ros2_bridge/msg/detail/dss_control__type_support.c.o[0m
[6.013s] [ 30%] [32m[1mLinking CXX shared library libdss_ros2_bridge__rosidl_typesupport_c.so[0m
[6.028s] [ 32%] [32m[1mLinking C shared library libdss_ros2_bridge__rosidl_typesupport_introspection_c.so[0m
[6.052s] [ 33%] [32m[1mLinking CXX shared library libdss_ros2_bridge__rosidl_typesupport_cpp.so[0m
[6.074s] [ 33%] Built target dss_ros2_bridge__rosidl_typesupport_c
[6.080s] [ 33%] Built target dss_ros2_bridge__rosidl_typesupport_introspection_c
[6.106s] [ 33%] Built target dss_ros2_bridge__rosidl_typesupport_cpp
[6.111s] [ 35%] [32m[1mLinking CXX shared library libdss_ros2_bridge__rosidl_typesupport_introspection_cpp.so[0m
[6.117s] [ 37%] [32mBuilding CXX object CMakeFiles/DSSToROSImageNode.dir/src/DSSToROSImage.cpp.o[0m
[6.117s] [ 41%] [32mBuilding CXX object CMakeFiles/DSSToROSImageNode.dir/src/defaultGateway.cpp.o[0m
[6.117s] [ 41%] [32mBuilding CXX object CMakeFiles/DSSToROSGpsNode.dir/src/DSSToROSGps.cpp.o[0m
[6.117s] [ 42%] [32mBuilding CXX object CMakeFiles/DSSToROSIMUNode.dir/src/defaultGateway.cpp.o[0m
[6.117s] [ 44%] [32mBuilding CXX object CMakeFiles/DSSToROSIMUNode.dir/src/dss.pb.cc.o[0m
[6.117s] [ 46%] [32mBuilding CXX object CMakeFiles/DSSDemoNode.dir/src/DSSDemo.cpp.o[0m
[6.118s] [ 48%] [32mBuilding CXX object CMakeFiles/DSSToROSIMUNode.dir/src/DSSToROSIMU.cpp.o[0m
[6.118s] [ 50%] [32mBuilding CXX object CMakeFiles/DSSToROSClockNode.dir/src/defaultGateway.cpp.o[0m
[6.118s] [ 51%] [32mBuilding CXX object CMakeFiles/DSSToROSPointCloudNode.dir/src/DSSToROSPointCloud.cpp.o[0m
[6.118s] [ 53%] [32mBuilding CXX object CMakeFiles/DSSToROSPointCloudNode.dir/src/defaultGateway.cpp.o[0m
[6.119s] [ 55%] [32mBuilding CXX object CMakeFiles/DSSToROSClockNode.dir/src/DSSToROSClock.cpp.o[0m
[6.119s] [ 57%] [32mBuilding CXX object CMakeFiles/DSSToROSImageNode.dir/src/dss.pb.cc.o[0m
[6.119s] [ 58%] [32mBuilding CXX object CMakeFiles/DSSToROSClockNode.dir/src/dss.pb.cc.o[0m
[6.119s] [ 60%] [32mBuilding CXX object CMakeFiles/DSSToROSGpsNode.dir/src/defaultGateway.cpp.o[0m
[6.119s] [ 62%] [32mBuilding CXX object CMakeFiles/DSSToROSPointCloudNode.dir/src/dss.pb.cc.o[0m
[6.120s] [ 64%] [32mBuilding CXX object CMakeFiles/DSSDemoNode.dir/src/dss.pb.cc.o[0m
[6.120s] [ 66%] [32mBuilding CXX object CMakeFiles/DSSToROSGpsNode.dir/src/dss.pb.cc.o[0m
[6.120s] [ 67%] [32mBuilding CXX object CMakeFiles/DSSDemoNode.dir/src/defaultGateway.cpp.o[0m
[6.120s] [ 69%] [32mBuilding CXX object CMakeFiles/DSSDemoNode.dir/src/DSS.VSSClient.cpp.o[0m
[6.127s] [ 71%] [32m[1mLinking CXX shared library libdss_ros2_bridge__rosidl_typesupport_fastrtps_cpp.so[0m
[6.204s] [ 73%] [32m[1mLinking CXX shared library libdss_ros2_bridge__rosidl_typesupport_fastrtps_c.so[0m
[6.245s] [ 73%] Built target dss_ros2_bridge__rosidl_typesupport_introspection_cpp
[6.288s] [ 73%] Built target dss_ros2_bridge__rosidl_typesupport_fastrtps_cpp
[6.359s] [ 73%] Built target dss_ros2_bridge__rosidl_typesupport_fastrtps_c
[6.377s] [ 73%] Built target dss_ros2_bridge
[6.399s] [ 75%] [34m[1mGenerating Python code for ROS interfaces[0m
[6.680s] [ 75%] Built target dss_ros2_bridge__py
[6.701s] [ 76%] [32mBuilding C object CMakeFiles/dss_ros2_bridge__rosidl_generator_py.dir/rosidl_generator_py/dss_ros2_bridge/msg/_dss_control_s.c.o[0m
[6.821s] [ 78%] [32m[1mLinking C shared library rosidl_generator_py/dss_ros2_bridge/libdss_ros2_bridge__rosidl_generator_py.so[0m
[6.936s] [ 78%] Built target dss_ros2_bridge__rosidl_generator_py
[6.949s] [ 80%] [32mBuilding C object CMakeFiles/dss_ros2_bridge__rosidl_typesupport_fastrtps_c__pyext.dir/rosidl_generator_py/dss_ros2_bridge/_dss_ros2_bridge_s.ep.rosidl_typesupport_fastrtps_c.c.o[0m
[6.951s] [ 82%] [32mBuilding C object CMakeFiles/dss_ros2_bridge__rosidl_typesupport_introspection_c__pyext.dir/rosidl_generator_py/dss_ros2_bridge/_dss_ros2_bridge_s.ep.rosidl_typesupport_introspection_c.c.o[0m
[6.955s] [ 83%] [32mBuilding C object CMakeFiles/dss_ros2_bridge__rosidl_typesupport_c__pyext.dir/rosidl_generator_py/dss_ros2_bridge/_dss_ros2_bridge_s.ep.rosidl_typesupport_c.c.o[0m
[7.020s] [ 85%] [32m[1mLinking C shared library rosidl_generator_py/dss_ros2_bridge/dss_ros2_bridge_s__rosidl_typesupport_fastrtps_c.cpython-310-x86_64-linux-gnu.so[0m
[7.026s] [ 87%] [32m[1mLinking C shared library rosidl_generator_py/dss_ros2_bridge/dss_ros2_bridge_s__rosidl_typesupport_introspection_c.cpython-310-x86_64-linux-gnu.so[0m
[7.034s] [ 89%] [32m[1mLinking C shared library rosidl_generator_py/dss_ros2_bridge/dss_ros2_bridge_s__rosidl_typesupport_c.cpython-310-x86_64-linux-gnu.so[0m
[7.120s] [ 89%] Built target dss_ros2_bridge__rosidl_typesupport_fastrtps_c__pyext
[7.129s] [ 89%] Built target dss_ros2_bridge__rosidl_typesupport_introspection_c__pyext
[7.135s] [ 89%] Built target dss_ros2_bridge__rosidl_typesupport_c__pyext
[10.192s] [ 91%] [32m[1mLinking CXX executable DSSToROSGpsNode[0m
[10.310s] [ 92%] [32m[1mLinking CXX executable DSSToROSPointCloudNode[0m
[10.358s] [ 94%] [32m[1mLinking CXX executable DSSToROSClockNode[0m
[10.540s] [ 94%] Built target DSSToROSGpsNode
[10.556s] [ 94%] Built target DSSToROSPointCloudNode
[10.616s] [ 94%] Built target DSSToROSClockNode
[10.853s] [ 96%] [32m[1mLinking CXX executable DSSToROSIMUNode[0m
[10.886s] [ 98%] [32m[1mLinking CXX executable DSSToROSImageNode[0m
[11.081s] [ 98%] Built target DSSToROSIMUNode
[11.326s] [ 98%] Built target DSSToROSImageNode
[13.973s] [100%] [32m[1mLinking CXX executable DSSDemoNode[0m
[14.453s] [100%] Built target DSSDemoNode
[14.466s] Invoked command in '/home/tukorea/ros2_ws/build/dss_ros2_bridge' returned '0': CMAKE_PREFIX_PATH=/opt/ros/humble /usr/bin/cmake --build /home/tukorea/ros2_ws/build/dss_ros2_bridge -- -j28 -l28
[14.471s] Invoking command in '/home/tukorea/ros2_ws/build/dss_ros2_bridge': CMAKE_PREFIX_PATH=/opt/ros/humble /usr/bin/cmake --install /home/tukorea/ros2_ws/build/dss_ros2_bridge
[14.474s] -- Install configuration: ""
[14.475s] -- Execute custom install script
[14.475s] -- Symlinking: /home/tukorea/ros2_ws/install/dss_ros2_bridge/share/ament_index/resource_index/rosidl_interfaces/dss_ros2_bridge
[14.480s] -- Symlinking: /home/tukorea/ros2_ws/install/dss_ros2_bridge/include/dss_ros2_bridge/dss_ros2_bridge/msg/detail/dss_control__functions.h
[14.484s] -- Symlinking: /home/tukorea/ros2_ws/install/dss_ros2_bridge/include/dss_ros2_bridge/dss_ros2_bridge/msg/detail/dss_control__struct.h
[14.488s] -- Symlinking: /home/tukorea/ros2_ws/install/dss_ros2_bridge/include/dss_ros2_bridge/dss_ros2_bridge/msg/detail/dss_control__type_support.h
[14.492s] -- Symlinking: /home/tukorea/ros2_ws/install/dss_ros2_bridge/include/dss_ros2_bridge/dss_ros2_bridge/msg/dss_control.h
[14.496s] -- Symlinking: /home/tukorea/ros2_ws/install/dss_ros2_bridge/include/dss_ros2_bridge/dss_ros2_bridge/msg/rosidl_generator_c__visibility_control.h
[14.500s] -- Symlinking: /home/tukorea/ros2_ws/install/dss_ros2_bridge/share/dss_ros2_bridge/environment/library_path.sh
[14.503s] -- Symlinking: /home/tukorea/ros2_ws/install/dss_ros2_bridge/share/dss_ros2_bridge/environment/library_path.dsv
[14.508s] -- Symlinking: /home/tukorea/ros2_ws/install/dss_ros2_bridge/include/dss_ros2_bridge/dss_ros2_bridge/msg/detail/dss_control__rosidl_typesupport_fastrtps_c.h
[14.512s] -- Symlinking: /home/tukorea/ros2_ws/install/dss_ros2_bridge/include/dss_ros2_bridge/dss_ros2_bridge/msg/rosidl_typesupport_fastrtps_c__visibility_control.h
[14.516s] -- Symlinking: /home/tukorea/ros2_ws/install/dss_ros2_bridge/include/dss_ros2_bridge/dss_ros2_bridge/msg/detail/dss_control__builder.hpp
[14.519s] -- Symlinking: /home/tukorea/ros2_ws/install/dss_ros2_bridge/include/dss_ros2_bridge/dss_ros2_bridge/msg/detail/dss_control__struct.hpp
[14.523s] -- Symlinking: /home/tukorea/ros2_ws/install/dss_ros2_bridge/include/dss_ros2_bridge/dss_ros2_bridge/msg/detail/dss_control__traits.hpp
[14.527s] -- Symlinking: /home/tukorea/ros2_ws/install/dss_ros2_bridge/include/dss_ros2_bridge/dss_ros2_bridge/msg/detail/dss_control__type_support.hpp
[14.531s] -- Symlinking: /home/tukorea/ros2_ws/install/dss_ros2_bridge/include/dss_ros2_bridge/dss_ros2_bridge/msg/dss_control.hpp
[14.534s] -- Symlinking: /home/tukorea/ros2_ws/install/dss_ros2_bridge/include/dss_ros2_bridge/dss_ros2_bridge/msg/rosidl_generator_cpp__visibility_control.hpp
[14.538s] -- Symlinking: /home/tukorea/ros2_ws/install/dss_ros2_bridge/include/dss_ros2_bridge/dss_ros2_bridge/msg/detail/dss_control__rosidl_typesupport_fastrtps_cpp.hpp
[14.542s] -- Symlinking: /home/tukorea/ros2_ws/install/dss_ros2_bridge/include/dss_ros2_bridge/dss_ros2_bridge/msg/rosidl_typesupport_fastrtps_cpp__visibility_control.h
[14.546s] -- Symlinking: /home/tukorea/ros2_ws/install/dss_ros2_bridge/include/dss_ros2_bridge/dss_ros2_bridge/msg/detail/dss_control__rosidl_typesupport_introspection_c.h
[14.550s] -- Symlinking: /home/tukorea/ros2_ws/install/dss_ros2_bridge/include/dss_ros2_bridge/dss_ros2_bridge/msg/rosidl_typesupport_introspection_c__visibility_control.h
[14.553s] -- Symlinking: /home/tukorea/ros2_ws/install/dss_ros2_bridge/include/dss_ros2_bridge/dss_ros2_bridge/msg/detail/dss_control__rosidl_typesupport_introspection_cpp.hpp
[14.557s] -- Symlinking: /home/tukorea/ros2_ws/install/dss_ros2_bridge/share/dss_ros2_bridge/environment/pythonpath.sh
[14.561s] -- Symlinking: /home/tukorea/ros2_ws/install/dss_ros2_bridge/share/dss_ros2_bridge/environment/pythonpath.dsv
[14.565s] -- Symlinking: /home/tukorea/ros2_ws/install/dss_ros2_bridge/local/lib/python3.10/dist-packages/dss_ros2_bridge-1.0.0-py3.10.egg-info/PKG-INFO
[14.569s] -- Symlinking: /home/tukorea/ros2_ws/install/dss_ros2_bridge/local/lib/python3.10/dist-packages/dss_ros2_bridge-1.0.0-py3.10.egg-info/SOURCES.txt
[14.573s] -- Symlinking: /home/tukorea/ros2_ws/install/dss_ros2_bridge/local/lib/python3.10/dist-packages/dss_ros2_bridge-1.0.0-py3.10.egg-info/dependency_links.txt
[14.576s] -- Symlinking: /home/tukorea/ros2_ws/install/dss_ros2_bridge/local/lib/python3.10/dist-packages/dss_ros2_bridge-1.0.0-py3.10.egg-info/top_level.txt
[14.580s] -- Symlinking: /home/tukorea/ros2_ws/install/dss_ros2_bridge/local/lib/python3.10/dist-packages/dss_ros2_bridge/__init__.py
[14.584s] -- Symlinking: /home/tukorea/ros2_ws/install/dss_ros2_bridge/local/lib/python3.10/dist-packages/dss_ros2_bridge/_dss_ros2_bridge_s.ep.rosidl_typesupport_c.c
[14.588s] -- Symlinking: /home/tukorea/ros2_ws/install/dss_ros2_bridge/local/lib/python3.10/dist-packages/dss_ros2_bridge/_dss_ros2_bridge_s.ep.rosidl_typesupport_fastrtps_c.c
[14.592s] -- Symlinking: /home/tukorea/ros2_ws/install/dss_ros2_bridge/local/lib/python3.10/dist-packages/dss_ros2_bridge/_dss_ros2_bridge_s.ep.rosidl_typesupport_introspection_c.c
[14.596s] -- Symlinking: /home/tukorea/ros2_ws/install/dss_ros2_bridge/local/lib/python3.10/dist-packages/dss_ros2_bridge/dss_ros2_bridge_s__rosidl_typesupport_c.cpython-310-x86_64-linux-gnu.so
[14.599s] -- Symlinking: /home/tukorea/ros2_ws/install/dss_ros2_bridge/local/lib/python3.10/dist-packages/dss_ros2_bridge/dss_ros2_bridge_s__rosidl_typesupport_fastrtps_c.cpython-310-x86_64-linux-gnu.so
[14.603s] -- Symlinking: /home/tukorea/ros2_ws/install/dss_ros2_bridge/local/lib/python3.10/dist-packages/dss_ros2_bridge/dss_ros2_bridge_s__rosidl_typesupport_introspection_c.cpython-310-x86_64-linux-gnu.so
[14.607s] -- Symlinking: /home/tukorea/ros2_ws/install/dss_ros2_bridge/local/lib/python3.10/dist-packages/dss_ros2_bridge/libdss_ros2_bridge__rosidl_generator_py.so
[14.610s] -- Symlinking: /home/tukorea/ros2_ws/install/dss_ros2_bridge/local/lib/python3.10/dist-packages/dss_ros2_bridge/msg/__init__.py
[14.614s] -- Symlinking: /home/tukorea/ros2_ws/install/dss_ros2_bridge/local/lib/python3.10/dist-packages/dss_ros2_bridge/msg/_dss_control.py
[14.618s] -- Symlinking: /home/tukorea/ros2_ws/install/dss_ros2_bridge/local/lib/python3.10/dist-packages/dss_ros2_bridge/msg/_dss_control_s.c
[14.622s] -- Up-to-date symlink: /home/tukorea/ros2_ws/install/dss_ros2_bridge/local/lib/python3.10/dist-packages/dss_ros2_bridge/dss_ros2_bridge_s__rosidl_typesupport_fastrtps_c.cpython-310-x86_64-linux-gnu.so
[14.622s] -- Up-to-date symlink: /home/tukorea/ros2_ws/install/dss_ros2_bridge/local/lib/python3.10/dist-packages/dss_ros2_bridge/dss_ros2_bridge_s__rosidl_typesupport_introspection_c.cpython-310-x86_64-linux-gnu.so
[14.622s] -- Up-to-date symlink: /home/tukorea/ros2_ws/install/dss_ros2_bridge/local/lib/python3.10/dist-packages/dss_ros2_bridge/dss_ros2_bridge_s__rosidl_typesupport_c.cpython-310-x86_64-linux-gnu.so
[14.622s] -- Symlinking: /home/tukorea/ros2_ws/install/dss_ros2_bridge/share/dss_ros2_bridge/msg/DssControl.idl
[14.626s] -- Symlinking: /home/tukorea/ros2_ws/install/dss_ros2_bridge/share/dss_ros2_bridge/msg/DssControl.msg
[14.630s] -- Symlinking: /home/tukorea/ros2_ws/install/dss_ros2_bridge/lib/dss_ros2_bridge/DSSToROSImageNode
[14.634s] -- Symlinking: /home/tukorea/ros2_ws/install/dss_ros2_bridge/lib/dss_ros2_bridge/DSSToROSClockNode
[14.637s] -- Symlinking: /home/tukorea/ros2_ws/install/dss_ros2_bridge/lib/dss_ros2_bridge/DSSToROSPointCloudNode
[14.641s] -- Symlinking: /home/tukorea/ros2_ws/install/dss_ros2_bridge/lib/dss_ros2_bridge/DSSToROSIMUNode
[14.645s] -- Symlinking: /home/tukorea/ros2_ws/install/dss_ros2_bridge/lib/dss_ros2_bridge/DSSToROSGpsNode
[14.648s] -- Symlinking: /home/tukorea/ros2_ws/install/dss_ros2_bridge/lib/dss_ros2_bridge/DSSDemoNode
[14.652s] -- Symlinking: /home/tukorea/ros2_ws/install/dss_ros2_bridge/lib/dss_ros2_bridge/libdss_ros2_bridge__rosidl_typesupport_cpp.so
[14.656s] -- Up-to-date symlink: /home/tukorea/ros2_ws/install/dss_ros2_bridge/share/dss_ros2_bridge/msg/DssControl.msg
[14.656s] -- Symlinking: /home/tukorea/ros2_ws/install/dss_ros2_bridge/share/dss_ros2_bridge/launch/launch.py
[14.660s] -- Symlinking: /home/tukorea/ros2_ws/install/dss_ros2_bridge/share/ament_index/resource_index/package_run_dependencies/dss_ros2_bridge
[14.664s] -- Symlinking: /home/tukorea/ros2_ws/install/dss_ros2_bridge/share/ament_index/resource_index/parent_prefix_path/dss_ros2_bridge
[14.668s] -- Symlinking: /home/tukorea/ros2_ws/install/dss_ros2_bridge/share/dss_ros2_bridge/environment/ament_prefix_path.sh
[14.671s] -- Symlinking: /home/tukorea/ros2_ws/install/dss_ros2_bridge/share/dss_ros2_bridge/environment/ament_prefix_path.dsv
[14.675s] -- Symlinking: /home/tukorea/ros2_ws/install/dss_ros2_bridge/share/dss_ros2_bridge/environment/path.sh
[14.679s] -- Symlinking: /home/tukorea/ros2_ws/install/dss_ros2_bridge/share/dss_ros2_bridge/environment/path.dsv
[14.683s] -- Symlinking: /home/tukorea/ros2_ws/install/dss_ros2_bridge/share/dss_ros2_bridge/local_setup.bash
[14.687s] -- Symlinking: /home/tukorea/ros2_ws/install/dss_ros2_bridge/share/dss_ros2_bridge/local_setup.sh
[14.691s] -- Symlinking: /home/tukorea/ros2_ws/install/dss_ros2_bridge/share/dss_ros2_bridge/local_setup.zsh
[14.694s] -- Symlinking: /home/tukorea/ros2_ws/install/dss_ros2_bridge/share/dss_ros2_bridge/local_setup.dsv
[14.699s] -- Symlinking: /home/tukorea/ros2_ws/install/dss_ros2_bridge/share/dss_ros2_bridge/package.dsv
[14.703s] -- Symlinking: /home/tukorea/ros2_ws/install/dss_ros2_bridge/share/ament_index/resource_index/packages/dss_ros2_bridge
[14.707s] -- Symlinking: /home/tukorea/ros2_ws/install/dss_ros2_bridge/share/dss_ros2_bridge/cmake/rosidl_cmake-extras.cmake
[14.711s] -- Symlinking: /home/tukorea/ros2_ws/install/dss_ros2_bridge/share/dss_ros2_bridge/cmake/ament_cmake_export_include_directories-extras.cmake
[14.715s] -- Symlinking: /home/tukorea/ros2_ws/install/dss_ros2_bridge/share/dss_ros2_bridge/cmake/ament_cmake_export_libraries-extras.cmake
[14.718s] -- Symlinking: /home/tukorea/ros2_ws/install/dss_ros2_bridge/share/dss_ros2_bridge/cmake/ament_cmake_export_targets-extras.cmake
[14.722s] -- Symlinking: /home/tukorea/ros2_ws/install/dss_ros2_bridge/share/dss_ros2_bridge/cmake/rosidl_cmake_export_typesupport_targets-extras.cmake
[14.726s] -- Symlinking: /home/tukorea/ros2_ws/install/dss_ros2_bridge/share/dss_ros2_bridge/cmake/ament_cmake_export_dependencies-extras.cmake
[14.730s] -- Symlinking: /home/tukorea/ros2_ws/install/dss_ros2_bridge/share/dss_ros2_bridge/cmake/rosidl_cmake_export_typesupport_libraries-extras.cmake
[14.734s] -- Symlinking: /home/tukorea/ros2_ws/install/dss_ros2_bridge/share/dss_ros2_bridge/cmake/dss_ros2_bridgeConfig.cmake
[14.738s] -- Symlinking: /home/tukorea/ros2_ws/install/dss_ros2_bridge/share/dss_ros2_bridge/cmake/dss_ros2_bridgeConfig-version.cmake
[14.742s] -- Symlinking: /home/tukorea/ros2_ws/install/dss_ros2_bridge/share/dss_ros2_bridge/package.xml
[14.747s] -- Installing: /home/tukorea/ros2_ws/install/dss_ros2_bridge/lib/libdss_ros2_bridge__rosidl_generator_c.so
[14.747s] -- Set runtime path of "/home/tukorea/ros2_ws/install/dss_ros2_bridge/lib/libdss_ros2_bridge__rosidl_generator_c.so" to ""
[14.747s] -- Installing: /home/tukorea/ros2_ws/install/dss_ros2_bridge/lib/libdss_ros2_bridge__rosidl_typesupport_fastrtps_c.so
[14.748s] -- Set runtime path of "/home/tukorea/ros2_ws/install/dss_ros2_bridge/lib/libdss_ros2_bridge__rosidl_typesupport_fastrtps_c.so" to ""
[14.748s] -- Installing: /home/tukorea/ros2_ws/install/dss_ros2_bridge/lib/libdss_ros2_bridge__rosidl_typesupport_fastrtps_cpp.so
[14.748s] -- Set runtime path of "/home/tukorea/ros2_ws/install/dss_ros2_bridge/lib/libdss_ros2_bridge__rosidl_typesupport_fastrtps_cpp.so" to ""
[14.748s] -- Installing: /home/tukorea/ros2_ws/install/dss_ros2_bridge/lib/libdss_ros2_bridge__rosidl_typesupport_introspection_c.so
[14.748s] -- Set runtime path of "/home/tukorea/ros2_ws/install/dss_ros2_bridge/lib/libdss_ros2_bridge__rosidl_typesupport_introspection_c.so" to ""
[14.748s] -- Installing: /home/tukorea/ros2_ws/install/dss_ros2_bridge/lib/libdss_ros2_bridge__rosidl_typesupport_c.so
[14.748s] -- Set runtime path of "/home/tukorea/ros2_ws/install/dss_ros2_bridge/lib/libdss_ros2_bridge__rosidl_typesupport_c.so" to ""
[14.748s] -- Installing: /home/tukorea/ros2_ws/install/dss_ros2_bridge/lib/libdss_ros2_bridge__rosidl_typesupport_introspection_cpp.so
[14.748s] -- Set runtime path of "/home/tukorea/ros2_ws/install/dss_ros2_bridge/lib/libdss_ros2_bridge__rosidl_typesupport_introspection_cpp.so" to ""
[14.749s] -- Installing: /home/tukorea/ros2_ws/install/dss_ros2_bridge/lib/libdss_ros2_bridge__rosidl_typesupport_cpp.so
[14.749s] -- Set runtime path of "/home/tukorea/ros2_ws/install/dss_ros2_bridge/lib/libdss_ros2_bridge__rosidl_typesupport_cpp.so" to ""
[14.775s] Listing '/home/tukorea/ros2_ws/install/dss_ros2_bridge/local/lib/python3.10/dist-packages/dss_ros2_bridge'...
[14.775s] Compiling '/home/tukorea/ros2_ws/install/dss_ros2_bridge/local/lib/python3.10/dist-packages/dss_ros2_bridge/__init__.py'...
[14.775s] Listing '/home/tukorea/ros2_ws/install/dss_ros2_bridge/local/lib/python3.10/dist-packages/dss_ros2_bridge/msg'...
[14.775s] Compiling '/home/tukorea/ros2_ws/install/dss_ros2_bridge/local/lib/python3.10/dist-packages/dss_ros2_bridge/msg/__init__.py'...
[14.775s] Compiling '/home/tukorea/ros2_ws/install/dss_ros2_bridge/local/lib/python3.10/dist-packages/dss_ros2_bridge/msg/_dss_control.py'...
[14.777s] -- Installing: /home/tukorea/ros2_ws/install/dss_ros2_bridge/lib/libdss_ros2_bridge__rosidl_generator_py.so
[14.777s] -- Set runtime path of "/home/tukorea/ros2_ws/install/dss_ros2_bridge/lib/libdss_ros2_bridge__rosidl_generator_py.so" to ""
[14.777s] -- Installing: /home/tukorea/ros2_ws/install/dss_ros2_bridge/share/dss_ros2_bridge/cmake/export_dss_ros2_bridge__rosidl_generator_cExport.cmake
[14.777s] -- Installing: /home/tukorea/ros2_ws/install/dss_ros2_bridge/share/dss_ros2_bridge/cmake/export_dss_ros2_bridge__rosidl_generator_cExport-noconfig.cmake
[14.777s] -- Installing: /home/tukorea/ros2_ws/install/dss_ros2_bridge/share/dss_ros2_bridge/cmake/export_dss_ros2_bridge__rosidl_typesupport_fastrtps_cExport.cmake
[14.777s] -- Installing: /home/tukorea/ros2_ws/install/dss_ros2_bridge/share/dss_ros2_bridge/cmake/export_dss_ros2_bridge__rosidl_typesupport_fastrtps_cExport-noconfig.cmake
[14.778s] -- Installing: /home/tukorea/ros2_ws/install/dss_ros2_bridge/share/dss_ros2_bridge/cmake/export_dss_ros2_bridge__rosidl_generator_cppExport.cmake
[14.778s] -- Installing: /home/tukorea/ros2_ws/install/dss_ros2_bridge/share/dss_ros2_bridge/cmake/export_dss_ros2_bridge__rosidl_typesupport_fastrtps_cppExport.cmake
[14.778s] -- Installing: /home/tukorea/ros2_ws/install/dss_ros2_bridge/share/dss_ros2_bridge/cmake/export_dss_ros2_bridge__rosidl_typesupport_fastrtps_cppExport-noconfig.cmake
[14.778s] -- Installing: /home/tukorea/ros2_ws/install/dss_ros2_bridge/share/dss_ros2_bridge/cmake/dss_ros2_bridge__rosidl_typesupport_introspection_cExport.cmake
[14.778s] -- Installing: /home/tukorea/ros2_ws/install/dss_ros2_bridge/share/dss_ros2_bridge/cmake/dss_ros2_bridge__rosidl_typesupport_introspection_cExport-noconfig.cmake
[14.778s] -- Installing: /home/tukorea/ros2_ws/install/dss_ros2_bridge/share/dss_ros2_bridge/cmake/dss_ros2_bridge__rosidl_typesupport_cExport.cmake
[14.778s] -- Installing: /home/tukorea/ros2_ws/install/dss_ros2_bridge/share/dss_ros2_bridge/cmake/dss_ros2_bridge__rosidl_typesupport_cExport-noconfig.cmake
[14.778s] -- Installing: /home/tukorea/ros2_ws/install/dss_ros2_bridge/share/dss_ros2_bridge/cmake/dss_ros2_bridge__rosidl_typesupport_introspection_cppExport.cmake
[14.778s] -- Installing: /home/tukorea/ros2_ws/install/dss_ros2_bridge/share/dss_ros2_bridge/cmake/dss_ros2_bridge__rosidl_typesupport_introspection_cppExport-noconfig.cmake
[14.778s] -- Installing: /home/tukorea/ros2_ws/install/dss_ros2_bridge/share/dss_ros2_bridge/cmake/dss_ros2_bridge__rosidl_typesupport_cppExport.cmake
[14.778s] -- Installing: /home/tukorea/ros2_ws/install/dss_ros2_bridge/share/dss_ros2_bridge/cmake/dss_ros2_bridge__rosidl_typesupport_cppExport-noconfig.cmake
[14.778s] -- Installing: /home/tukorea/ros2_ws/install/dss_ros2_bridge/share/dss_ros2_bridge/cmake/export_dss_ros2_bridge__rosidl_generator_pyExport.cmake
[14.778s] -- Installing: /home/tukorea/ros2_ws/install/dss_ros2_bridge/share/dss_ros2_bridge/cmake/export_dss_ros2_bridge__rosidl_generator_pyExport-noconfig.cmake
[14.779s] Invoked command in '/home/tukorea/ros2_ws/build/dss_ros2_bridge' returned '0': CMAKE_PREFIX_PATH=/opt/ros/humble /usr/bin/cmake --install /home/tukorea/ros2_ws/build/dss_ros2_bridge
