[0.680s] Invoking command in '/home/tukorea/ros2_ws/src/tool/bag_replay_tool_ros2': PYTHONPATH=/home/tukorea/ros2_ws/build/bag_replay_tool_ros2/prefix_override:/usr/lib/python3/dist-packages/colcon_core/task/python/colcon_distutils_commands:/home/tukorea/ros2_ws/install/bag_replay_tool_ros2/lib/python3.10/site-packages:${PYTHONPATH} /usr/bin/python3 -W ignore:setup.py install is deprecated -W ignore:easy_install command is deprecated setup.py egg_info --egg-base ../../../build/bag_replay_tool_ros2 build --build-base /home/tukorea/ros2_ws/build/bag_replay_tool_ros2/build install --record /home/tukorea/ros2_ws/build/bag_replay_tool_ros2/install.log --single-version-externally-managed install_data
[0.843s] running egg_info
[0.844s] creating ../../../build/bag_replay_tool_ros2/bag_replay_tool_ros2.egg-info
[0.844s] writing ../../../build/bag_replay_tool_ros2/bag_replay_tool_ros2.egg-info/PKG-INFO
[0.845s] writing dependency_links to ../../../build/bag_replay_tool_ros2/bag_replay_tool_ros2.egg-info/dependency_links.txt
[0.845s] writing entry points to ../../../build/bag_replay_tool_ros2/bag_replay_tool_ros2.egg-info/entry_points.txt
[0.845s] writing requirements to ../../../build/bag_replay_tool_ros2/bag_replay_tool_ros2.egg-info/requires.txt
[0.845s] writing top-level names to ../../../build/bag_replay_tool_ros2/bag_replay_tool_ros2.egg-info/top_level.txt
[0.845s] writing manifest file '../../../build/bag_replay_tool_ros2/bag_replay_tool_ros2.egg-info/SOURCES.txt'
[0.846s] reading manifest file '../../../build/bag_replay_tool_ros2/bag_replay_tool_ros2.egg-info/SOURCES.txt'
[0.846s] writing manifest file '../../../build/bag_replay_tool_ros2/bag_replay_tool_ros2.egg-info/SOURCES.txt'
[0.847s] running build
[0.847s] running build_py
[0.847s] creating /home/tukorea/ros2_ws/build/bag_replay_tool_ros2/build
[0.847s] creating /home/tukorea/ros2_ws/build/bag_replay_tool_ros2/build/lib
[0.847s] creating /home/tukorea/ros2_ws/build/bag_replay_tool_ros2/build/lib/bag_replay_tool_ros2
[0.847s] copying bag_replay_tool_ros2/__init__.py -> /home/tukorea/ros2_ws/build/bag_replay_tool_ros2/build/lib/bag_replay_tool_ros2
[0.847s] copying bag_replay_tool_ros2/bag_replay_tool_node.py -> /home/tukorea/ros2_ws/build/bag_replay_tool_ros2/build/lib/bag_replay_tool_ros2
[0.848s] running install
[0.848s] running install_lib
[0.848s] creating /home/tukorea/ros2_ws/install/bag_replay_tool_ros2/lib/python3.10/site-packages/bag_replay_tool_ros2
[0.849s] copying /home/tukorea/ros2_ws/build/bag_replay_tool_ros2/build/lib/bag_replay_tool_ros2/__init__.py -> /home/tukorea/ros2_ws/install/bag_replay_tool_ros2/lib/python3.10/site-packages/bag_replay_tool_ros2
[0.849s] copying /home/tukorea/ros2_ws/build/bag_replay_tool_ros2/build/lib/bag_replay_tool_ros2/bag_replay_tool_node.py -> /home/tukorea/ros2_ws/install/bag_replay_tool_ros2/lib/python3.10/site-packages/bag_replay_tool_ros2
[0.849s] byte-compiling /home/tukorea/ros2_ws/install/bag_replay_tool_ros2/lib/python3.10/site-packages/bag_replay_tool_ros2/__init__.py to __init__.cpython-310.pyc
[0.849s] byte-compiling /home/tukorea/ros2_ws/install/bag_replay_tool_ros2/lib/python3.10/site-packages/bag_replay_tool_ros2/bag_replay_tool_node.py to bag_replay_tool_node.cpython-310.pyc
[0.852s] running install_data
[0.852s] creating /home/tukorea/ros2_ws/install/bag_replay_tool_ros2/share/ament_index
[0.853s] creating /home/tukorea/ros2_ws/install/bag_replay_tool_ros2/share/ament_index/resource_index
[0.853s] creating /home/tukorea/ros2_ws/install/bag_replay_tool_ros2/share/ament_index/resource_index/packages
[0.853s] copying resource/bag_replay_tool_ros2 -> /home/tukorea/ros2_ws/install/bag_replay_tool_ros2/share/ament_index/resource_index/packages
[0.853s] copying package.xml -> /home/tukorea/ros2_ws/install/bag_replay_tool_ros2/share/bag_replay_tool_ros2
[0.853s] creating /home/tukorea/ros2_ws/install/bag_replay_tool_ros2/share/bag_replay_tool_ros2/launch
[0.853s] copying launch/bag_replay_tool.launch.py -> /home/tukorea/ros2_ws/install/bag_replay_tool_ros2/share/bag_replay_tool_ros2/launch
[0.853s] creating /home/tukorea/ros2_ws/install/bag_replay_tool_ros2/share/bag_replay_tool_ros2/ui
[0.853s] copying ui/bag_replay_tool.ui -> /home/tukorea/ros2_ws/install/bag_replay_tool_ros2/share/bag_replay_tool_ros2/ui
[0.854s] running install_egg_info
[0.856s] Copying ../../../build/bag_replay_tool_ros2/bag_replay_tool_ros2.egg-info to /home/tukorea/ros2_ws/install/bag_replay_tool_ros2/lib/python3.10/site-packages/bag_replay_tool_ros2-2.0.0-py3.10.egg-info
[0.857s] running install_scripts
[0.872s] Installing bag_replay_tool_node script to /home/tukorea/ros2_ws/install/bag_replay_tool_ros2/lib/bag_replay_tool_ros2
[0.873s] writing list of installed files to '/home/tukorea/ros2_ws/build/bag_replay_tool_ros2/install.log'
[0.891s] Invoked command in '/home/tukorea/ros2_ws/src/tool/bag_replay_tool_ros2' returned '0': PYTHONPATH=/home/tukorea/ros2_ws/build/bag_replay_tool_ros2/prefix_override:/usr/lib/python3/dist-packages/colcon_core/task/python/colcon_distutils_commands:/home/tukorea/ros2_ws/install/bag_replay_tool_ros2/lib/python3.10/site-packages:${PYTHONPATH} /usr/bin/python3 -W ignore:setup.py install is deprecated -W ignore:easy_install command is deprecated setup.py egg_info --egg-base ../../../build/bag_replay_tool_ros2 build --build-base /home/tukorea/ros2_ws/build/bag_replay_tool_ros2/build install --record /home/tukorea/ros2_ws/build/bag_replay_tool_ros2/install.log --single-version-externally-managed install_data
