[0.179s] Invoking command in '/home/tukorea/ros2_ws/build/dss_ros2_bridge': CMAKE_PREFIX_PATH=/opt/ros/humble /usr/bin/cmake --build /home/tukorea/ros2_ws/build/dss_ros2_bridge -- -j28 -l28
[0.250s] [35m[1mConsolidate compiler generated dependencies of target dss_ros2_bridge__rosidl_generator_c[0m
[0.259s] [  1%] Built target dss_ros2_bridge__cpp
[0.266s] [  3%] Built target ament_cmake_python_copy_dss_ros2_bridge
[0.266s] [  7%] Built target dss_ros2_bridge__rosidl_generator_c
[0.267s] [35m[1mConsolidate compiler generated dependencies of target dss_ros2_bridge__rosidl_typesupport_cpp[0m
[0.268s] [35m[1mConsolidate compiler generated dependencies of target dss_ros2_bridge__rosidl_typesupport_fastrtps_cpp[0m
[0.269s] [35m[1mConsolidate compiler generated dependencies of target dss_ros2_bridge__rosidl_typesupport_introspection_cpp[0m
[0.276s] [35m[1mConsolidate compiler generated dependencies of target dss_ros2_bridge__rosidl_typesupport_introspection_c[0m
[0.276s] [35m[1mConsolidate compiler generated dependencies of target dss_ros2_bridge__rosidl_typesupport_c[0m
[0.277s] [35m[1mConsolidate compiler generated dependencies of target dss_ros2_bridge__rosidl_typesupport_fastrtps_c[0m
[0.284s] [ 12%] Built target dss_ros2_bridge__rosidl_typesupport_introspection_cpp
[0.286s] [ 23%] Built target dss_ros2_bridge__rosidl_typesupport_introspection_c
[0.286s] [ 23%] Built target dss_ros2_bridge__rosidl_typesupport_fastrtps_cpp
[0.286s] [ 33%] Built target dss_ros2_bridge__rosidl_typesupport_c
[0.287s] [ 33%] Built target dss_ros2_bridge__rosidl_typesupport_cpp
[0.289s] [ 39%] Built target dss_ros2_bridge__rosidl_typesupport_fastrtps_c
[0.298s] [35m[1mConsolidate compiler generated dependencies of target DSSToROSPointCloudNode[0m
[0.299s] [35m[1mConsolidate compiler generated dependencies of target DSSToROSIMUNode[0m
[0.299s] [35m[1mConsolidate compiler generated dependencies of target DSSToROSGpsNode[0m
[0.299s] [35m[1mConsolidate compiler generated dependencies of target DSSToROSImageNode[0m
[0.300s] [35m[1mConsolidate compiler generated dependencies of target DSSToROSClockNode[0m
[0.303s] [35m[1mConsolidate compiler generated dependencies of target DSSDemoNode[0m
[0.312s] [ 39%] Built target dss_ros2_bridge
[0.333s] [ 41%] Built target dss_ros2_bridge__py
[0.344s] [35m[1mConsolidate compiler generated dependencies of target dss_ros2_bridge__rosidl_generator_py[0m
[0.353s] [ 50%] Built target DSSDemoNode
[0.353s] [ 57%] Built target DSSToROSImageNode
[0.353s] [ 64%] Built target DSSToROSClockNode
[0.353s] [ 78%] Built target DSSToROSIMUNode
[0.353s] [ 78%] Built target DSSToROSPointCloudNode
[0.354s] [ 85%] Built target DSSToROSGpsNode
[0.361s] [ 89%] Built target dss_ros2_bridge__rosidl_generator_py
[0.370s] [35m[1mConsolidate compiler generated dependencies of target dss_ros2_bridge__rosidl_typesupport_introspection_c__pyext[0m
[0.372s] [35m[1mConsolidate compiler generated dependencies of target dss_ros2_bridge__rosidl_typesupport_fastrtps_c__pyext[0m
[0.372s] [35m[1mConsolidate compiler generated dependencies of target dss_ros2_bridge__rosidl_typesupport_c__pyext[0m
[0.381s] [ 92%] Built target dss_ros2_bridge__rosidl_typesupport_introspection_c__pyext
[0.381s] [ 96%] Built target dss_ros2_bridge__rosidl_typesupport_c__pyext
[0.385s] [100%] Built target dss_ros2_bridge__rosidl_typesupport_fastrtps_c__pyext
[0.466s] running egg_info
[0.466s] writing dss_ros2_bridge.egg-info/PKG-INFO
[0.467s] writing dependency_links to dss_ros2_bridge.egg-info/dependency_links.txt
[0.467s] writing top-level names to dss_ros2_bridge.egg-info/top_level.txt
[0.469s] reading manifest file 'dss_ros2_bridge.egg-info/SOURCES.txt'
[0.470s] writing manifest file 'dss_ros2_bridge.egg-info/SOURCES.txt'
[0.496s] [100%] Built target ament_cmake_python_build_dss_ros2_bridge_egg
[0.507s] Invoked command in '/home/tukorea/ros2_ws/build/dss_ros2_bridge' returned '0': CMAKE_PREFIX_PATH=/opt/ros/humble /usr/bin/cmake --build /home/tukorea/ros2_ws/build/dss_ros2_bridge -- -j28 -l28
[0.516s] Invoking command in '/home/tukorea/ros2_ws/build/dss_ros2_bridge': CMAKE_PREFIX_PATH=/opt/ros/humble /usr/bin/cmake --install /home/tukorea/ros2_ws/build/dss_ros2_bridge
[0.525s] -- Install configuration: ""
[0.525s] -- Up-to-date: /home/tukorea/ros2_ws/install/dss_ros2_bridge/share/ament_index/resource_index/rosidl_interfaces/dss_ros2_bridge
[0.526s] -- Up-to-date: /home/tukorea/ros2_ws/install/dss_ros2_bridge/include/dss_ros2_bridge/dss_ros2_bridge
[0.526s] -- Up-to-date: /home/tukorea/ros2_ws/install/dss_ros2_bridge/include/dss_ros2_bridge/dss_ros2_bridge/msg
[0.526s] -- Up-to-date: /home/tukorea/ros2_ws/install/dss_ros2_bridge/include/dss_ros2_bridge/dss_ros2_bridge/msg/rosidl_generator_c__visibility_control.h
[0.526s] -- Up-to-date: /home/tukorea/ros2_ws/install/dss_ros2_bridge/include/dss_ros2_bridge/dss_ros2_bridge/msg/dss_control.h
[0.526s] -- Up-to-date: /home/tukorea/ros2_ws/install/dss_ros2_bridge/include/dss_ros2_bridge/dss_ros2_bridge/msg/detail
[0.526s] -- Up-to-date: /home/tukorea/ros2_ws/install/dss_ros2_bridge/include/dss_ros2_bridge/dss_ros2_bridge/msg/detail/dss_control__functions.c
[0.526s] -- Up-to-date: /home/tukorea/ros2_ws/install/dss_ros2_bridge/include/dss_ros2_bridge/dss_ros2_bridge/msg/detail/dss_control__struct.h
[0.527s] -- Up-to-date: /home/tukorea/ros2_ws/install/dss_ros2_bridge/include/dss_ros2_bridge/dss_ros2_bridge/msg/detail/dss_control__functions.h
[0.527s] -- Up-to-date: /home/tukorea/ros2_ws/install/dss_ros2_bridge/include/dss_ros2_bridge/dss_ros2_bridge/msg/detail/dss_control__type_support.h
[0.527s] -- Up-to-date: /home/tukorea/ros2_ws/install/dss_ros2_bridge/share/dss_ros2_bridge/environment/library_path.sh
[0.527s] -- Up-to-date: /home/tukorea/ros2_ws/install/dss_ros2_bridge/share/dss_ros2_bridge/environment/library_path.dsv
[0.527s] -- Up-to-date: /home/tukorea/ros2_ws/install/dss_ros2_bridge/lib/libdss_ros2_bridge__rosidl_generator_c.so
[0.527s] -- Up-to-date: /home/tukorea/ros2_ws/install/dss_ros2_bridge/include/dss_ros2_bridge/dss_ros2_bridge
[0.528s] -- Up-to-date: /home/tukorea/ros2_ws/install/dss_ros2_bridge/include/dss_ros2_bridge/dss_ros2_bridge/msg
[0.528s] -- Up-to-date: /home/tukorea/ros2_ws/install/dss_ros2_bridge/include/dss_ros2_bridge/dss_ros2_bridge/msg/rosidl_typesupport_fastrtps_c__visibility_control.h
[0.528s] -- Up-to-date: /home/tukorea/ros2_ws/install/dss_ros2_bridge/include/dss_ros2_bridge/dss_ros2_bridge/msg/detail
[0.528s] -- Up-to-date: /home/tukorea/ros2_ws/install/dss_ros2_bridge/include/dss_ros2_bridge/dss_ros2_bridge/msg/detail/dss_control__rosidl_typesupport_fastrtps_c.h
[0.528s] -- Up-to-date: /home/tukorea/ros2_ws/install/dss_ros2_bridge/lib/libdss_ros2_bridge__rosidl_typesupport_fastrtps_c.so
[0.528s] -- Up-to-date: /home/tukorea/ros2_ws/install/dss_ros2_bridge/include/dss_ros2_bridge/dss_ros2_bridge
[0.528s] -- Up-to-date: /home/tukorea/ros2_ws/install/dss_ros2_bridge/include/dss_ros2_bridge/dss_ros2_bridge/msg
[0.528s] -- Up-to-date: /home/tukorea/ros2_ws/install/dss_ros2_bridge/include/dss_ros2_bridge/dss_ros2_bridge/msg/rosidl_generator_cpp__visibility_control.hpp
[0.528s] -- Up-to-date: /home/tukorea/ros2_ws/install/dss_ros2_bridge/include/dss_ros2_bridge/dss_ros2_bridge/msg/dss_control.hpp
[0.529s] -- Up-to-date: /home/tukorea/ros2_ws/install/dss_ros2_bridge/include/dss_ros2_bridge/dss_ros2_bridge/msg/detail
[0.529s] -- Up-to-date: /home/tukorea/ros2_ws/install/dss_ros2_bridge/include/dss_ros2_bridge/dss_ros2_bridge/msg/detail/dss_control__type_support.hpp
[0.529s] -- Up-to-date: /home/tukorea/ros2_ws/install/dss_ros2_bridge/include/dss_ros2_bridge/dss_ros2_bridge/msg/detail/dss_control__traits.hpp
[0.529s] -- Up-to-date: /home/tukorea/ros2_ws/install/dss_ros2_bridge/include/dss_ros2_bridge/dss_ros2_bridge/msg/detail/dss_control__struct.hpp
[0.529s] -- Up-to-date: /home/tukorea/ros2_ws/install/dss_ros2_bridge/include/dss_ros2_bridge/dss_ros2_bridge/msg/detail/dss_control__builder.hpp
[0.529s] -- Up-to-date: /home/tukorea/ros2_ws/install/dss_ros2_bridge/include/dss_ros2_bridge/dss_ros2_bridge
[0.529s] -- Up-to-date: /home/tukorea/ros2_ws/install/dss_ros2_bridge/include/dss_ros2_bridge/dss_ros2_bridge/msg
[0.529s] -- Up-to-date: /home/tukorea/ros2_ws/install/dss_ros2_bridge/include/dss_ros2_bridge/dss_ros2_bridge/msg/rosidl_typesupport_fastrtps_cpp__visibility_control.h
[0.529s] -- Up-to-date: /home/tukorea/ros2_ws/install/dss_ros2_bridge/include/dss_ros2_bridge/dss_ros2_bridge/msg/detail
[0.529s] -- Up-to-date: /home/tukorea/ros2_ws/install/dss_ros2_bridge/include/dss_ros2_bridge/dss_ros2_bridge/msg/detail/dds_fastrtps
[0.529s] -- Up-to-date: /home/tukorea/ros2_ws/install/dss_ros2_bridge/include/dss_ros2_bridge/dss_ros2_bridge/msg/detail/dss_control__rosidl_typesupport_fastrtps_cpp.hpp
[0.530s] -- Up-to-date: /home/tukorea/ros2_ws/install/dss_ros2_bridge/lib/libdss_ros2_bridge__rosidl_typesupport_fastrtps_cpp.so
[0.530s] -- Up-to-date: /home/tukorea/ros2_ws/install/dss_ros2_bridge/include/dss_ros2_bridge/dss_ros2_bridge
[0.530s] -- Up-to-date: /home/tukorea/ros2_ws/install/dss_ros2_bridge/include/dss_ros2_bridge/dss_ros2_bridge/msg
[0.530s] -- Up-to-date: /home/tukorea/ros2_ws/install/dss_ros2_bridge/include/dss_ros2_bridge/dss_ros2_bridge/msg/rosidl_typesupport_introspection_c__visibility_control.h
[0.530s] -- Up-to-date: /home/tukorea/ros2_ws/install/dss_ros2_bridge/include/dss_ros2_bridge/dss_ros2_bridge/msg/detail
[0.530s] -- Up-to-date: /home/tukorea/ros2_ws/install/dss_ros2_bridge/include/dss_ros2_bridge/dss_ros2_bridge/msg/detail/dss_control__rosidl_typesupport_introspection_c.h
[0.530s] -- Up-to-date: /home/tukorea/ros2_ws/install/dss_ros2_bridge/include/dss_ros2_bridge/dss_ros2_bridge/msg/detail/dss_control__type_support.c
[0.530s] -- Up-to-date: /home/tukorea/ros2_ws/install/dss_ros2_bridge/lib/libdss_ros2_bridge__rosidl_typesupport_introspection_c.so
[0.530s] -- Up-to-date: /home/tukorea/ros2_ws/install/dss_ros2_bridge/lib/libdss_ros2_bridge__rosidl_typesupport_c.so
[0.530s] -- Up-to-date: /home/tukorea/ros2_ws/install/dss_ros2_bridge/include/dss_ros2_bridge/dss_ros2_bridge
[0.530s] -- Up-to-date: /home/tukorea/ros2_ws/install/dss_ros2_bridge/include/dss_ros2_bridge/dss_ros2_bridge/msg
[0.530s] -- Up-to-date: /home/tukorea/ros2_ws/install/dss_ros2_bridge/include/dss_ros2_bridge/dss_ros2_bridge/msg/detail
[0.530s] -- Up-to-date: /home/tukorea/ros2_ws/install/dss_ros2_bridge/include/dss_ros2_bridge/dss_ros2_bridge/msg/detail/dss_control__rosidl_typesupport_introspection_cpp.hpp
[0.530s] -- Up-to-date: /home/tukorea/ros2_ws/install/dss_ros2_bridge/include/dss_ros2_bridge/dss_ros2_bridge/msg/detail/dss_control__type_support.cpp
[0.530s] -- Up-to-date: /home/tukorea/ros2_ws/install/dss_ros2_bridge/lib/libdss_ros2_bridge__rosidl_typesupport_introspection_cpp.so
[0.530s] -- Up-to-date: /home/tukorea/ros2_ws/install/dss_ros2_bridge/lib/libdss_ros2_bridge__rosidl_typesupport_cpp.so
[0.531s] -- Up-to-date: /home/tukorea/ros2_ws/install/dss_ros2_bridge/share/dss_ros2_bridge/environment/pythonpath.sh
[0.531s] -- Up-to-date: /home/tukorea/ros2_ws/install/dss_ros2_bridge/share/dss_ros2_bridge/environment/pythonpath.dsv
[0.531s] -- Up-to-date: /home/tukorea/ros2_ws/install/dss_ros2_bridge/local/lib/python3.10/dist-packages/dss_ros2_bridge-1.0.0-py3.10.egg-info
[0.531s] -- Installing: /home/tukorea/ros2_ws/install/dss_ros2_bridge/local/lib/python3.10/dist-packages/dss_ros2_bridge-1.0.0-py3.10.egg-info/top_level.txt
[0.531s] -- Installing: /home/tukorea/ros2_ws/install/dss_ros2_bridge/local/lib/python3.10/dist-packages/dss_ros2_bridge-1.0.0-py3.10.egg-info/dependency_links.txt
[0.531s] -- Installing: /home/tukorea/ros2_ws/install/dss_ros2_bridge/local/lib/python3.10/dist-packages/dss_ros2_bridge-1.0.0-py3.10.egg-info/PKG-INFO
[0.531s] -- Installing: /home/tukorea/ros2_ws/install/dss_ros2_bridge/local/lib/python3.10/dist-packages/dss_ros2_bridge-1.0.0-py3.10.egg-info/SOURCES.txt
[0.531s] -- Up-to-date: /home/tukorea/ros2_ws/install/dss_ros2_bridge/local/lib/python3.10/dist-packages/dss_ros2_bridge
[0.531s] -- Up-to-date: /home/tukorea/ros2_ws/install/dss_ros2_bridge/local/lib/python3.10/dist-packages/dss_ros2_bridge/dss_ros2_bridge_s__rosidl_typesupport_introspection_c.cpython-310-x86_64-linux-gnu.so
[0.531s] -- Up-to-date: /home/tukorea/ros2_ws/install/dss_ros2_bridge/local/lib/python3.10/dist-packages/dss_ros2_bridge/libdss_ros2_bridge__rosidl_generator_py.so
[0.531s] -- Up-to-date: /home/tukorea/ros2_ws/install/dss_ros2_bridge/local/lib/python3.10/dist-packages/dss_ros2_bridge/msg
[0.531s] -- Up-to-date: /home/tukorea/ros2_ws/install/dss_ros2_bridge/local/lib/python3.10/dist-packages/dss_ros2_bridge/msg/_dss_control_s.c
[0.531s] -- Up-to-date: /home/tukorea/ros2_ws/install/dss_ros2_bridge/local/lib/python3.10/dist-packages/dss_ros2_bridge/msg/_dss_control.py
[0.531s] -- Up-to-date: /home/tukorea/ros2_ws/install/dss_ros2_bridge/local/lib/python3.10/dist-packages/dss_ros2_bridge/msg/__init__.py
[0.531s] -- Up-to-date: /home/tukorea/ros2_ws/install/dss_ros2_bridge/local/lib/python3.10/dist-packages/dss_ros2_bridge/dss_ros2_bridge_s__rosidl_typesupport_c.cpython-310-x86_64-linux-gnu.so
[0.531s] -- Up-to-date: /home/tukorea/ros2_ws/install/dss_ros2_bridge/local/lib/python3.10/dist-packages/dss_ros2_bridge/_dss_ros2_bridge_s.ep.rosidl_typesupport_introspection_c.c
[0.531s] -- Up-to-date: /home/tukorea/ros2_ws/install/dss_ros2_bridge/local/lib/python3.10/dist-packages/dss_ros2_bridge/_dss_ros2_bridge_s.ep.rosidl_typesupport_fastrtps_c.c
[0.531s] -- Up-to-date: /home/tukorea/ros2_ws/install/dss_ros2_bridge/local/lib/python3.10/dist-packages/dss_ros2_bridge/_dss_ros2_bridge_s.ep.rosidl_typesupport_c.c
[0.531s] -- Up-to-date: /home/tukorea/ros2_ws/install/dss_ros2_bridge/local/lib/python3.10/dist-packages/dss_ros2_bridge/dss_ros2_bridge_s__rosidl_typesupport_fastrtps_c.cpython-310-x86_64-linux-gnu.so
[0.531s] -- Up-to-date: /home/tukorea/ros2_ws/install/dss_ros2_bridge/local/lib/python3.10/dist-packages/dss_ros2_bridge/__init__.py
[0.556s] Listing '/home/tukorea/ros2_ws/install/dss_ros2_bridge/local/lib/python3.10/dist-packages/dss_ros2_bridge'...
[0.556s] Listing '/home/tukorea/ros2_ws/install/dss_ros2_bridge/local/lib/python3.10/dist-packages/dss_ros2_bridge/msg'...
[0.560s] -- Up-to-date: /home/tukorea/ros2_ws/install/dss_ros2_bridge/local/lib/python3.10/dist-packages/dss_ros2_bridge/dss_ros2_bridge_s__rosidl_typesupport_fastrtps_c.cpython-310-x86_64-linux-gnu.so
[0.561s] -- Up-to-date: /home/tukorea/ros2_ws/install/dss_ros2_bridge/local/lib/python3.10/dist-packages/dss_ros2_bridge/dss_ros2_bridge_s__rosidl_typesupport_introspection_c.cpython-310-x86_64-linux-gnu.so
[0.561s] -- Up-to-date: /home/tukorea/ros2_ws/install/dss_ros2_bridge/local/lib/python3.10/dist-packages/dss_ros2_bridge/dss_ros2_bridge_s__rosidl_typesupport_c.cpython-310-x86_64-linux-gnu.so
[0.561s] -- Up-to-date: /home/tukorea/ros2_ws/install/dss_ros2_bridge/lib/libdss_ros2_bridge__rosidl_generator_py.so
[0.562s] -- Up-to-date: /home/tukorea/ros2_ws/install/dss_ros2_bridge/share/dss_ros2_bridge/msg/DssControl.idl
[0.562s] -- Up-to-date: /home/tukorea/ros2_ws/install/dss_ros2_bridge/share/dss_ros2_bridge/msg/DssControl.msg
[0.562s] -- Up-to-date: /home/tukorea/ros2_ws/install/dss_ros2_bridge/lib/dss_ros2_bridge/DSSToROSImageNode
[0.563s] -- Up-to-date: /home/tukorea/ros2_ws/install/dss_ros2_bridge/lib/dss_ros2_bridge/DSSToROSClockNode
[0.564s] -- Up-to-date: /home/tukorea/ros2_ws/install/dss_ros2_bridge/lib/dss_ros2_bridge/DSSToROSPointCloudNode
[0.565s] -- Up-to-date: /home/tukorea/ros2_ws/install/dss_ros2_bridge/lib/dss_ros2_bridge/DSSToROSIMUNode
[0.566s] -- Up-to-date: /home/tukorea/ros2_ws/install/dss_ros2_bridge/lib/dss_ros2_bridge/DSSToROSGpsNode
[0.567s] -- Up-to-date: /home/tukorea/ros2_ws/install/dss_ros2_bridge/lib/dss_ros2_bridge/DSSDemoNode
[0.567s] -- Up-to-date: /home/tukorea/ros2_ws/install/dss_ros2_bridge/lib/dss_ros2_bridge/libdss_ros2_bridge__rosidl_typesupport_cpp.so
[0.567s] -- Up-to-date: /home/tukorea/ros2_ws/install/dss_ros2_bridge/share/dss_ros2_bridge/msg
[0.568s] -- Up-to-date: /home/tukorea/ros2_ws/install/dss_ros2_bridge/share/dss_ros2_bridge/msg/DssControl.msg
[0.568s] -- Up-to-date: /home/tukorea/ros2_ws/install/dss_ros2_bridge/share/dss_ros2_bridge/launch
[0.568s] -- Up-to-date: /home/tukorea/ros2_ws/install/dss_ros2_bridge/share/dss_ros2_bridge/launch/launch.py
[0.568s] -- Up-to-date: /home/tukorea/ros2_ws/install/dss_ros2_bridge/share/ament_index/resource_index/package_run_dependencies/dss_ros2_bridge
[0.568s] -- Up-to-date: /home/tukorea/ros2_ws/install/dss_ros2_bridge/share/ament_index/resource_index/parent_prefix_path/dss_ros2_bridge
[0.568s] -- Up-to-date: /home/tukorea/ros2_ws/install/dss_ros2_bridge/share/dss_ros2_bridge/environment/ament_prefix_path.sh
[0.569s] -- Up-to-date: /home/tukorea/ros2_ws/install/dss_ros2_bridge/share/dss_ros2_bridge/environment/ament_prefix_path.dsv
[0.569s] -- Up-to-date: /home/tukorea/ros2_ws/install/dss_ros2_bridge/share/dss_ros2_bridge/environment/path.sh
[0.569s] -- Up-to-date: /home/tukorea/ros2_ws/install/dss_ros2_bridge/share/dss_ros2_bridge/environment/path.dsv
[0.569s] -- Up-to-date: /home/tukorea/ros2_ws/install/dss_ros2_bridge/share/dss_ros2_bridge/local_setup.bash
[0.569s] -- Up-to-date: /home/tukorea/ros2_ws/install/dss_ros2_bridge/share/dss_ros2_bridge/local_setup.sh
[0.569s] -- Up-to-date: /home/tukorea/ros2_ws/install/dss_ros2_bridge/share/dss_ros2_bridge/local_setup.zsh
[0.569s] -- Up-to-date: /home/tukorea/ros2_ws/install/dss_ros2_bridge/share/dss_ros2_bridge/local_setup.dsv
[0.569s] -- Installing: /home/tukorea/ros2_ws/install/dss_ros2_bridge/share/dss_ros2_bridge/package.dsv
[0.569s] -- Up-to-date: /home/tukorea/ros2_ws/install/dss_ros2_bridge/share/ament_index/resource_index/packages/dss_ros2_bridge
[0.570s] -- Up-to-date: /home/tukorea/ros2_ws/install/dss_ros2_bridge/share/dss_ros2_bridge/cmake/export_dss_ros2_bridge__rosidl_generator_cExport.cmake
[0.570s] -- Up-to-date: /home/tukorea/ros2_ws/install/dss_ros2_bridge/share/dss_ros2_bridge/cmake/export_dss_ros2_bridge__rosidl_generator_cExport-noconfig.cmake
[0.570s] -- Up-to-date: /home/tukorea/ros2_ws/install/dss_ros2_bridge/share/dss_ros2_bridge/cmake/export_dss_ros2_bridge__rosidl_typesupport_fastrtps_cExport.cmake
[0.570s] -- Up-to-date: /home/tukorea/ros2_ws/install/dss_ros2_bridge/share/dss_ros2_bridge/cmake/export_dss_ros2_bridge__rosidl_typesupport_fastrtps_cExport-noconfig.cmake
[0.570s] -- Up-to-date: /home/tukorea/ros2_ws/install/dss_ros2_bridge/share/dss_ros2_bridge/cmake/export_dss_ros2_bridge__rosidl_generator_cppExport.cmake
[0.570s] -- Up-to-date: /home/tukorea/ros2_ws/install/dss_ros2_bridge/share/dss_ros2_bridge/cmake/export_dss_ros2_bridge__rosidl_typesupport_fastrtps_cppExport.cmake
[0.570s] -- Up-to-date: /home/tukorea/ros2_ws/install/dss_ros2_bridge/share/dss_ros2_bridge/cmake/export_dss_ros2_bridge__rosidl_typesupport_fastrtps_cppExport-noconfig.cmake
[0.570s] -- Up-to-date: /home/tukorea/ros2_ws/install/dss_ros2_bridge/share/dss_ros2_bridge/cmake/dss_ros2_bridge__rosidl_typesupport_introspection_cExport.cmake
[0.570s] -- Up-to-date: /home/tukorea/ros2_ws/install/dss_ros2_bridge/share/dss_ros2_bridge/cmake/dss_ros2_bridge__rosidl_typesupport_introspection_cExport-noconfig.cmake
[0.570s] -- Up-to-date: /home/tukorea/ros2_ws/install/dss_ros2_bridge/share/dss_ros2_bridge/cmake/dss_ros2_bridge__rosidl_typesupport_cExport.cmake
[0.570s] -- Up-to-date: /home/tukorea/ros2_ws/install/dss_ros2_bridge/share/dss_ros2_bridge/cmake/dss_ros2_bridge__rosidl_typesupport_cExport-noconfig.cmake
[0.570s] -- Up-to-date: /home/tukorea/ros2_ws/install/dss_ros2_bridge/share/dss_ros2_bridge/cmake/dss_ros2_bridge__rosidl_typesupport_introspection_cppExport.cmake
[0.570s] -- Up-to-date: /home/tukorea/ros2_ws/install/dss_ros2_bridge/share/dss_ros2_bridge/cmake/dss_ros2_bridge__rosidl_typesupport_introspection_cppExport-noconfig.cmake
[0.570s] -- Up-to-date: /home/tukorea/ros2_ws/install/dss_ros2_bridge/share/dss_ros2_bridge/cmake/dss_ros2_bridge__rosidl_typesupport_cppExport.cmake
[0.570s] -- Up-to-date: /home/tukorea/ros2_ws/install/dss_ros2_bridge/share/dss_ros2_bridge/cmake/dss_ros2_bridge__rosidl_typesupport_cppExport-noconfig.cmake
[0.570s] -- Up-to-date: /home/tukorea/ros2_ws/install/dss_ros2_bridge/share/dss_ros2_bridge/cmake/export_dss_ros2_bridge__rosidl_generator_pyExport.cmake
[0.570s] -- Up-to-date: /home/tukorea/ros2_ws/install/dss_ros2_bridge/share/dss_ros2_bridge/cmake/export_dss_ros2_bridge__rosidl_generator_pyExport-noconfig.cmake
[0.570s] -- Up-to-date: /home/tukorea/ros2_ws/install/dss_ros2_bridge/share/dss_ros2_bridge/cmake/rosidl_cmake-extras.cmake
[0.570s] -- Up-to-date: /home/tukorea/ros2_ws/install/dss_ros2_bridge/share/dss_ros2_bridge/cmake/ament_cmake_export_include_directories-extras.cmake
[0.571s] -- Up-to-date: /home/tukorea/ros2_ws/install/dss_ros2_bridge/share/dss_ros2_bridge/cmake/ament_cmake_export_libraries-extras.cmake
[0.571s] -- Up-to-date: /home/tukorea/ros2_ws/install/dss_ros2_bridge/share/dss_ros2_bridge/cmake/ament_cmake_export_targets-extras.cmake
[0.571s] -- Up-to-date: /home/tukorea/ros2_ws/install/dss_ros2_bridge/share/dss_ros2_bridge/cmake/rosidl_cmake_export_typesupport_targets-extras.cmake
[0.571s] -- Up-to-date: /home/tukorea/ros2_ws/install/dss_ros2_bridge/share/dss_ros2_bridge/cmake/ament_cmake_export_dependencies-extras.cmake
[0.571s] -- Up-to-date: /home/tukorea/ros2_ws/install/dss_ros2_bridge/share/dss_ros2_bridge/cmake/rosidl_cmake_export_typesupport_libraries-extras.cmake
[0.571s] -- Up-to-date: /home/tukorea/ros2_ws/install/dss_ros2_bridge/share/dss_ros2_bridge/cmake/dss_ros2_bridgeConfig.cmake
[0.571s] -- Up-to-date: /home/tukorea/ros2_ws/install/dss_ros2_bridge/share/dss_ros2_bridge/cmake/dss_ros2_bridgeConfig-version.cmake
[0.571s] -- Up-to-date: /home/tukorea/ros2_ws/install/dss_ros2_bridge/share/dss_ros2_bridge/package.xml
[0.572s] Invoked command in '/home/tukorea/ros2_ws/build/dss_ros2_bridge' returned '0': CMAKE_PREFIX_PATH=/opt/ros/humble /usr/bin/cmake --install /home/tukorea/ros2_ws/build/dss_ros2_bridge
